22:24:19 **** Build of configuration Debug for project ALL_IN_ONE ****
make -j12 all 
arm-none-eabi-gcc "../USB_DEVICE/Target/usbd_conf.c" -mcpu=cortex-m4 -std=gnu11 -g3 -DDEBUG -DUSE_HAL_DRIVER -DSTM32F411xE -c -I../Core/Inc -IC:/Users/Toan/STM32Cube/Repository/STM32Cube_FW_F4_V1.27.1/Drivers/STM32F4xx_HAL_Driver/Inc -IC:/Users/Toan/STM32Cube/Repository/STM32Cube_FW_F4_V1.27.1/Drivers/STM32F4xx_HAL_Driver/Inc/Legacy -IC:/Users/Toan/STM32Cube/Repository/STM32Cube_FW_F4_V1.27.1/Drivers/CMSIS/Device/ST/STM32F4xx/Include -IC:/Users/Toan/STM32Cube/Repository/STM32Cube_FW_F4_V1.27.1/Drivers/CMSIS/Include -I../USB_DEVICE/App -I../USB_DEVICE/Target -IC:/Users/Toan/STM32Cube/Repository/STM32Cube_FW_F4_V1.27.1/Middlewares/ST/STM32_USB_Device_Library/Core/Inc -IC:/Users/Toan/STM32Cube/Repository/STM32Cube_FW_F4_V1.27.1/Middlewares/ST/STM32_USB_Device_Library/Class/CDC/Inc -O0 -ffunction-sections -fdata-sections -Wall -fstack-usage -fcyclomatic-complexity -MMD -MP -MF"USB_DEVICE/Target/usbd_conf.d" -MT"USB_DEVICE/Target/usbd_conf.o" --specs=nano.specs -mfpu=fpv4-sp-d16 -mfloat-abi=hard -mthumb -o "USB_DEVICE/Target/usbd_conf.o"
arm-none-eabi-gcc "../USB_DEVICE/App/usb_device.c" -mcpu=cortex-m4 -std=gnu11 -g3 -DDEBUG -DUSE_HAL_DRIVER -DSTM32F411xE -c -I../Core/Inc -IC:/Users/Toan/STM32Cube/Repository/STM32Cube_FW_F4_V1.27.1/Drivers/STM32F4xx_HAL_Driver/Inc -IC:/Users/Toan/STM32Cube/Repository/STM32Cube_FW_F4_V1.27.1/Drivers/STM32F4xx_HAL_Driver/Inc/Legacy -IC:/Users/Toan/STM32Cube/Repository/STM32Cube_FW_F4_V1.27.1/Drivers/CMSIS/Device/ST/STM32F4xx/Include -IC:/Users/Toan/STM32Cube/Repository/STM32Cube_FW_F4_V1.27.1/Drivers/CMSIS/Include -I../USB_DEVICE/App -I../USB_DEVICE/Target -IC:/Users/Toan/STM32Cube/Repository/STM32Cube_FW_F4_V1.27.1/Middlewares/ST/STM32_USB_Device_Library/Core/Inc -IC:/Users/Toan/STM32Cube/Repository/STM32Cube_FW_F4_V1.27.1/Middlewares/ST/STM32_USB_Device_Library/Class/CDC/Inc -O0 -ffunction-sections -fdata-sections -Wall -fstack-usage -fcyclomatic-complexity -MMD -MP -MF"USB_DEVICE/App/usb_device.d" -MT"USB_DEVICE/App/usb_device.o" --specs=nano.specs -mfpu=fpv4-sp-d16 -mfloat-abi=hard -mthumb -o "USB_DEVICE/App/usb_device.o"
arm-none-eabi-gcc "../USB_DEVICE/App/usbd_cdc_if.c" -mcpu=cortex-m4 -std=gnu11 -g3 -DDEBUG -DUSE_HAL_DRIVER -DSTM32F411xE -c -I../Core/Inc -IC:/Users/Toan/STM32Cube/Repository/STM32Cube_FW_F4_V1.27.1/Drivers/STM32F4xx_HAL_Driver/Inc -IC:/Users/Toan/STM32Cube/Repository/STM32Cube_FW_F4_V1.27.1/Drivers/STM32F4xx_HAL_Driver/Inc/Legacy -IC:/Users/Toan/STM32Cube/Repository/STM32Cube_FW_F4_V1.27.1/Drivers/CMSIS/Device/ST/STM32F4xx/Include -IC:/Users/Toan/STM32Cube/Repository/STM32Cube_FW_F4_V1.27.1/Drivers/CMSIS/Include -I../USB_DEVICE/App -I../USB_DEVICE/Target -IC:/Users/Toan/STM32Cube/Repository/STM32Cube_FW_F4_V1.27.1/Middlewares/ST/STM32_USB_Device_Library/Core/Inc -IC:/Users/Toan/STM32Cube/Repository/STM32Cube_FW_F4_V1.27.1/Middlewares/ST/STM32_USB_Device_Library/Class/CDC/Inc -O0 -ffunction-sections -fdata-sections -Wall -fstack-usage -fcyclomatic-complexity -MMD -MP -MF"USB_DEVICE/App/usbd_cdc_if.d" -MT"USB_DEVICE/App/usbd_cdc_if.o" --specs=nano.specs -mfpu=fpv4-sp-d16 -mfloat-abi=hard -mthumb -o "USB_DEVICE/App/usbd_cdc_if.o"
arm-none-eabi-gcc "../USB_DEVICE/App/usbd_desc.c" -mcpu=cortex-m4 -std=gnu11 -g3 -DDEBUG -DUSE_HAL_DRIVER -DSTM32F411xE -c -I../Core/Inc -IC:/Users/Toan/STM32Cube/Repository/STM32Cube_FW_F4_V1.27.1/Drivers/STM32F4xx_HAL_Driver/Inc -IC:/Users/Toan/STM32Cube/Repository/STM32Cube_FW_F4_V1.27.1/Drivers/STM32F4xx_HAL_Driver/Inc/Legacy -IC:/Users/Toan/STM32Cube/Repository/STM32Cube_FW_F4_V1.27.1/Drivers/CMSIS/Device/ST/STM32F4xx/Include -IC:/Users/Toan/STM32Cube/Repository/STM32Cube_FW_F4_V1.27.1/Drivers/CMSIS/Include -I../USB_DEVICE/App -I../USB_DEVICE/Target -IC:/Users/Toan/STM32Cube/Repository/STM32Cube_FW_F4_V1.27.1/Middlewares/ST/STM32_USB_Device_Library/Core/Inc -IC:/Users/Toan/STM32Cube/Repository/STM32Cube_FW_F4_V1.27.1/Middlewares/ST/STM32_USB_Device_Library/Class/CDC/Inc -O0 -ffunction-sections -fdata-sections -Wall -fstack-usage -fcyclomatic-complexity -MMD -MP -MF"USB_DEVICE/App/usbd_desc.d" -MT"USB_DEVICE/App/usbd_desc.o" --specs=nano.specs -mfpu=fpv4-sp-d16 -mfloat-abi=hard -mthumb -o "USB_DEVICE/App/usbd_desc.o"
arm-none-eabi-gcc "C:/Users/Toan/STM32Cube/Repository/STM32Cube_FW_F4_V1.27.1/Middlewares/ST/STM32_USB_Device_Library/Class/CDC/Src/usbd_cdc.c" -mcpu=cortex-m4 -std=gnu11 -g3 -DDEBUG -DUSE_HAL_DRIVER -DSTM32F411xE -c -I../Core/Inc -IC:/Users/Toan/STM32Cube/Repository/STM32Cube_FW_F4_V1.27.1/Drivers/STM32F4xx_HAL_Driver/Inc -IC:/Users/Toan/STM32Cube/Repository/STM32Cube_FW_F4_V1.27.1/Drivers/STM32F4xx_HAL_Driver/Inc/Legacy -IC:/Users/Toan/STM32Cube/Repository/STM32Cube_FW_F4_V1.27.1/Drivers/CMSIS/Device/ST/STM32F4xx/Include -IC:/Users/Toan/STM32Cube/Repository/STM32Cube_FW_F4_V1.27.1/Drivers/CMSIS/Include -I../USB_DEVICE/App -I../USB_DEVICE/Target -IC:/Users/Toan/STM32Cube/Repository/STM32Cube_FW_F4_V1.27.1/Middlewares/ST/STM32_USB_Device_Library/Core/Inc -IC:/Users/Toan/STM32Cube/Repository/STM32Cube_FW_F4_V1.27.1/Middlewares/ST/STM32_USB_Device_Library/Class/CDC/Inc -O0 -ffunction-sections -fdata-sections -Wall -fstack-usage -fcyclomatic-complexity -MMD -MP -MF"Middlewares/USB_Device_Library/usbd_cdc.d" -MT"Middlewares/USB_Device_Library/usbd_cdc.o" --specs=nano.specs -mfpu=fpv4-sp-d16 -mfloat-abi=hard -mthumb -o "Middlewares/USB_Device_Library/usbd_cdc.o"
arm-none-eabi-gcc "C:/Users/Toan/STM32Cube/Repository/STM32Cube_FW_F4_V1.27.1/Middlewares/ST/STM32_USB_Device_Library/Core/Src/usbd_core.c" -mcpu=cortex-m4 -std=gnu11 -g3 -DDEBUG -DUSE_HAL_DRIVER -DSTM32F411xE -c -I../Core/Inc -IC:/Users/Toan/STM32Cube/Repository/STM32Cube_FW_F4_V1.27.1/Drivers/STM32F4xx_HAL_Driver/Inc -IC:/Users/Toan/STM32Cube/Repository/STM32Cube_FW_F4_V1.27.1/Drivers/STM32F4xx_HAL_Driver/Inc/Legacy -IC:/Users/Toan/STM32Cube/Repository/STM32Cube_FW_F4_V1.27.1/Drivers/CMSIS/Device/ST/STM32F4xx/Include -IC:/Users/Toan/STM32Cube/Repository/STM32Cube_FW_F4_V1.27.1/Drivers/CMSIS/Include -I../USB_DEVICE/App -I../USB_DEVICE/Target -IC:/Users/Toan/STM32Cube/Repository/STM32Cube_FW_F4_V1.27.1/Middlewares/ST/STM32_USB_Device_Library/Core/Inc -IC:/Users/Toan/STM32Cube/Repository/STM32Cube_FW_F4_V1.27.1/Middlewares/ST/STM32_USB_Device_Library/Class/CDC/Inc -O0 -ffunction-sections -fdata-sections -Wall -fstack-usage -fcyclomatic-complexity -MMD -MP -MF"Middlewares/USB_Device_Library/usbd_core.d" -MT"Middlewares/USB_Device_Library/usbd_core.o" --specs=nano.specs -mfpu=fpv4-sp-d16 -mfloat-abi=hard -mthumb -o "Middlewares/USB_Device_Library/usbd_core.o"
arm-none-eabi-gcc "C:/Users/Toan/STM32Cube/Repository/STM32Cube_FW_F4_V1.27.1/Middlewares/ST/STM32_USB_Device_Library/Core/Src/usbd_ctlreq.c" -mcpu=cortex-m4 -std=gnu11 -g3 -DDEBUG -DUSE_HAL_DRIVER -DSTM32F411xE -c -I../Core/Inc -IC:/Users/Toan/STM32Cube/Repository/STM32Cube_FW_F4_V1.27.1/Drivers/STM32F4xx_HAL_Driver/Inc -IC:/Users/Toan/STM32Cube/Repository/STM32Cube_FW_F4_V1.27.1/Drivers/STM32F4xx_HAL_Driver/Inc/Legacy -IC:/Users/Toan/STM32Cube/Repository/STM32Cube_FW_F4_V1.27.1/Drivers/CMSIS/Device/ST/STM32F4xx/Include -IC:/Users/Toan/STM32Cube/Repository/STM32Cube_FW_F4_V1.27.1/Drivers/CMSIS/Include -I../USB_DEVICE/App -I../USB_DEVICE/Target -IC:/Users/Toan/STM32Cube/Repository/STM32Cube_FW_F4_V1.27.1/Middlewares/ST/STM32_USB_Device_Library/Core/Inc -IC:/Users/Toan/STM32Cube/Repository/STM32Cube_FW_F4_V1.27.1/Middlewares/ST/STM32_USB_Device_Library/Class/CDC/Inc -O0 -ffunction-sections -fdata-sections -Wall -fstack-usage -fcyclomatic-complexity -MMD -MP -MF"Middlewares/USB_Device_Library/usbd_ctlreq.d" -MT"Middlewares/USB_Device_Library/usbd_ctlreq.o" --specs=nano.specs -mfpu=fpv4-sp-d16 -mfloat-abi=hard -mthumb -o "Middlewares/USB_Device_Library/usbd_ctlreq.o"
arm-none-eabi-gcc "C:/Users/Toan/STM32Cube/Repository/STM32Cube_FW_F4_V1.27.1/Middlewares/ST/STM32_USB_Device_Library/Core/Src/usbd_ioreq.c" -mcpu=cortex-m4 -std=gnu11 -g3 -DDEBUG -DUSE_HAL_DRIVER -DSTM32F411xE -c -I../Core/Inc -IC:/Users/Toan/STM32Cube/Repository/STM32Cube_FW_F4_V1.27.1/Drivers/STM32F4xx_HAL_Driver/Inc -IC:/Users/Toan/STM32Cube/Repository/STM32Cube_FW_F4_V1.27.1/Drivers/STM32F4xx_HAL_Driver/Inc/Legacy -IC:/Users/Toan/STM32Cube/Repository/STM32Cube_FW_F4_V1.27.1/Drivers/CMSIS/Device/ST/STM32F4xx/Include -IC:/Users/Toan/STM32Cube/Repository/STM32Cube_FW_F4_V1.27.1/Drivers/CMSIS/Include -I../USB_DEVICE/App -I../USB_DEVICE/Target -IC:/Users/Toan/STM32Cube/Repository/STM32Cube_FW_F4_V1.27.1/Middlewares/ST/STM32_USB_Device_Library/Core/Inc -IC:/Users/Toan/STM32Cube/Repository/STM32Cube_FW_F4_V1.27.1/Middlewares/ST/STM32_USB_Device_Library/Class/CDC/Inc -O0 -ffunction-sections -fdata-sections -Wall -fstack-usage -fcyclomatic-complexity -MMD -MP -MF"Middlewares/USB_Device_Library/usbd_ioreq.d" -MT"Middlewares/USB_Device_Library/usbd_ioreq.o" --specs=nano.specs -mfpu=fpv4-sp-d16 -mfloat-abi=hard -mthumb -o "Middlewares/USB_Device_Library/usbd_ioreq.o"
arm-none-eabi-gcc "C:/Users/Toan/STM32Cube/Repository/STM32Cube_FW_F4_V1.27.1/Drivers/STM32F4xx_HAL_Driver/Src/stm32f4xx_hal.c" -mcpu=cortex-m4 -std=gnu11 -g3 -DDEBUG -DUSE_HAL_DRIVER -DSTM32F411xE -c -I../Core/Inc -IC:/Users/Toan/STM32Cube/Repository/STM32Cube_FW_F4_V1.27.1/Drivers/STM32F4xx_HAL_Driver/Inc -IC:/Users/Toan/STM32Cube/Repository/STM32Cube_FW_F4_V1.27.1/Drivers/STM32F4xx_HAL_Driver/Inc/Legacy -IC:/Users/Toan/STM32Cube/Repository/STM32Cube_FW_F4_V1.27.1/Drivers/CMSIS/Device/ST/STM32F4xx/Include -IC:/Users/Toan/STM32Cube/Repository/STM32Cube_FW_F4_V1.27.1/Drivers/CMSIS/Include -I../USB_DEVICE/App -I../USB_DEVICE/Target -IC:/Users/Toan/STM32Cube/Repository/STM32Cube_FW_F4_V1.27.1/Middlewares/ST/STM32_USB_Device_Library/Core/Inc -IC:/Users/Toan/STM32Cube/Repository/STM32Cube_FW_F4_V1.27.1/Middlewares/ST/STM32_USB_Device_Library/Class/CDC/Inc -O0 -ffunction-sections -fdata-sections -Wall -fstack-usage -fcyclomatic-complexity -MMD -MP -MF"Drivers/STM32F4xx_HAL_Driver/stm32f4xx_hal.d" -MT"Drivers/STM32F4xx_HAL_Driver/stm32f4xx_hal.o" --specs=nano.specs -mfpu=fpv4-sp-d16 -mfloat-abi=hard -mthumb -o "Drivers/STM32F4xx_HAL_Driver/stm32f4xx_hal.o"
arm-none-eabi-gcc "C:/Users/Toan/STM32Cube/Repository/STM32Cube_FW_F4_V1.27.1/Drivers/STM32F4xx_HAL_Driver/Src/stm32f4xx_hal_cortex.c" -mcpu=cortex-m4 -std=gnu11 -g3 -DDEBUG -DUSE_HAL_DRIVER -DSTM32F411xE -c -I../Core/Inc -IC:/Users/Toan/STM32Cube/Repository/STM32Cube_FW_F4_V1.27.1/Drivers/STM32F4xx_HAL_Driver/Inc -IC:/Users/Toan/STM32Cube/Repository/STM32Cube_FW_F4_V1.27.1/Drivers/STM32F4xx_HAL_Driver/Inc/Legacy -IC:/Users/Toan/STM32Cube/Repository/STM32Cube_FW_F4_V1.27.1/Drivers/CMSIS/Device/ST/STM32F4xx/Include -IC:/Users/Toan/STM32Cube/Repository/STM32Cube_FW_F4_V1.27.1/Drivers/CMSIS/Include -I../USB_DEVICE/App -I../USB_DEVICE/Target -IC:/Users/Toan/STM32Cube/Repository/STM32Cube_FW_F4_V1.27.1/Middlewares/ST/STM32_USB_Device_Library/Core/Inc -IC:/Users/Toan/STM32Cube/Repository/STM32Cube_FW_F4_V1.27.1/Middlewares/ST/STM32_USB_Device_Library/Class/CDC/Inc -O0 -ffunction-sections -fdata-sections -Wall -fstack-usage -fcyclomatic-complexity -MMD -MP -MF"Drivers/STM32F4xx_HAL_Driver/stm32f4xx_hal_cortex.d" -MT"Drivers/STM32F4xx_HAL_Driver/stm32f4xx_hal_cortex.o" --specs=nano.specs -mfpu=fpv4-sp-d16 -mfloat-abi=hard -mthumb -o "Drivers/STM32F4xx_HAL_Driver/stm32f4xx_hal_cortex.o"
arm-none-eabi-gcc "C:/Users/Toan/STM32Cube/Repository/STM32Cube_FW_F4_V1.27.1/Drivers/STM32F4xx_HAL_Driver/Src/stm32f4xx_hal_dma.c" -mcpu=cortex-m4 -std=gnu11 -g3 -DDEBUG -DUSE_HAL_DRIVER -DSTM32F411xE -c -I../Core/Inc -IC:/Users/Toan/STM32Cube/Repository/STM32Cube_FW_F4_V1.27.1/Drivers/STM32F4xx_HAL_Driver/Inc -IC:/Users/Toan/STM32Cube/Repository/STM32Cube_FW_F4_V1.27.1/Drivers/STM32F4xx_HAL_Driver/Inc/Legacy -IC:/Users/Toan/STM32Cube/Repository/STM32Cube_FW_F4_V1.27.1/Drivers/CMSIS/Device/ST/STM32F4xx/Include -IC:/Users/Toan/STM32Cube/Repository/STM32Cube_FW_F4_V1.27.1/Drivers/CMSIS/Include -I../USB_DEVICE/App -I../USB_DEVICE/Target -IC:/Users/Toan/STM32Cube/Repository/STM32Cube_FW_F4_V1.27.1/Middlewares/ST/STM32_USB_Device_Library/Core/Inc -IC:/Users/Toan/STM32Cube/Repository/STM32Cube_FW_F4_V1.27.1/Middlewares/ST/STM32_USB_Device_Library/Class/CDC/Inc -O0 -ffunction-sections -fdata-sections -Wall -fstack-usage -fcyclomatic-complexity -MMD -MP -MF"Drivers/STM32F4xx_HAL_Driver/stm32f4xx_hal_dma.d" -MT"Drivers/STM32F4xx_HAL_Driver/stm32f4xx_hal_dma.o" --specs=nano.specs -mfpu=fpv4-sp-d16 -mfloat-abi=hard -mthumb -o "Drivers/STM32F4xx_HAL_Driver/stm32f4xx_hal_dma.o"
arm-none-eabi-gcc "C:/Users/Toan/STM32Cube/Repository/STM32Cube_FW_F4_V1.27.1/Drivers/STM32F4xx_HAL_Driver/Src/stm32f4xx_hal_dma_ex.c" -mcpu=cortex-m4 -std=gnu11 -g3 -DDEBUG -DUSE_HAL_DRIVER -DSTM32F411xE -c -I../Core/Inc -IC:/Users/Toan/STM32Cube/Repository/STM32Cube_FW_F4_V1.27.1/Drivers/STM32F4xx_HAL_Driver/Inc -IC:/Users/Toan/STM32Cube/Repository/STM32Cube_FW_F4_V1.27.1/Drivers/STM32F4xx_HAL_Driver/Inc/Legacy -IC:/Users/Toan/STM32Cube/Repository/STM32Cube_FW_F4_V1.27.1/Drivers/CMSIS/Device/ST/STM32F4xx/Include -IC:/Users/Toan/STM32Cube/Repository/STM32Cube_FW_F4_V1.27.1/Drivers/CMSIS/Include -I../USB_DEVICE/App -I../USB_DEVICE/Target -IC:/Users/Toan/STM32Cube/Repository/STM32Cube_FW_F4_V1.27.1/Middlewares/ST/STM32_USB_Device_Library/Core/Inc -IC:/Users/Toan/STM32Cube/Repository/STM32Cube_FW_F4_V1.27.1/Middlewares/ST/STM32_USB_Device_Library/Class/CDC/Inc -O0 -ffunction-sections -fdata-sections -Wall -fstack-usage -fcyclomatic-complexity -MMD -MP -MF"Drivers/STM32F4xx_HAL_Driver/stm32f4xx_hal_dma_ex.d" -MT"Drivers/STM32F4xx_HAL_Driver/stm32f4xx_hal_dma_ex.o" --specs=nano.specs -mfpu=fpv4-sp-d16 -mfloat-abi=hard -mthumb -o "Drivers/STM32F4xx_HAL_Driver/stm32f4xx_hal_dma_ex.o"
arm-none-eabi-gcc "C:/Users/Toan/STM32Cube/Repository/STM32Cube_FW_F4_V1.27.1/Drivers/STM32F4xx_HAL_Driver/Src/stm32f4xx_hal_exti.c" -mcpu=cortex-m4 -std=gnu11 -g3 -DDEBUG -DUSE_HAL_DRIVER -DSTM32F411xE -c -I../Core/Inc -IC:/Users/Toan/STM32Cube/Repository/STM32Cube_FW_F4_V1.27.1/Drivers/STM32F4xx_HAL_Driver/Inc -IC:/Users/Toan/STM32Cube/Repository/STM32Cube_FW_F4_V1.27.1/Drivers/STM32F4xx_HAL_Driver/Inc/Legacy -IC:/Users/Toan/STM32Cube/Repository/STM32Cube_FW_F4_V1.27.1/Drivers/CMSIS/Device/ST/STM32F4xx/Include -IC:/Users/Toan/STM32Cube/Repository/STM32Cube_FW_F4_V1.27.1/Drivers/CMSIS/Include -I../USB_DEVICE/App -I../USB_DEVICE/Target -IC:/Users/Toan/STM32Cube/Repository/STM32Cube_FW_F4_V1.27.1/Middlewares/ST/STM32_USB_Device_Library/Core/Inc -IC:/Users/Toan/STM32Cube/Repository/STM32Cube_FW_F4_V1.27.1/Middlewares/ST/STM32_USB_Device_Library/Class/CDC/Inc -O0 -ffunction-sections -fdata-sections -Wall -fstack-usage -fcyclomatic-complexity -MMD -MP -MF"Drivers/STM32F4xx_HAL_Driver/stm32f4xx_hal_exti.d" -MT"Drivers/STM32F4xx_HAL_Driver/stm32f4xx_hal_exti.o" --specs=nano.specs -mfpu=fpv4-sp-d16 -mfloat-abi=hard -mthumb -o "Drivers/STM32F4xx_HAL_Driver/stm32f4xx_hal_exti.o"
arm-none-eabi-gcc "C:/Users/Toan/STM32Cube/Repository/STM32Cube_FW_F4_V1.27.1/Drivers/STM32F4xx_HAL_Driver/Src/stm32f4xx_hal_flash.c" -mcpu=cortex-m4 -std=gnu11 -g3 -DDEBUG -DUSE_HAL_DRIVER -DSTM32F411xE -c -I../Core/Inc -IC:/Users/Toan/STM32Cube/Repository/STM32Cube_FW_F4_V1.27.1/Drivers/STM32F4xx_HAL_Driver/Inc -IC:/Users/Toan/STM32Cube/Repository/STM32Cube_FW_F4_V1.27.1/Drivers/STM32F4xx_HAL_Driver/Inc/Legacy -IC:/Users/Toan/STM32Cube/Repository/STM32Cube_FW_F4_V1.27.1/Drivers/CMSIS/Device/ST/STM32F4xx/Include -IC:/Users/Toan/STM32Cube/Repository/STM32Cube_FW_F4_V1.27.1/Drivers/CMSIS/Include -I../USB_DEVICE/App -I../USB_DEVICE/Target -IC:/Users/Toan/STM32Cube/Repository/STM32Cube_FW_F4_V1.27.1/Middlewares/ST/STM32_USB_Device_Library/Core/Inc -IC:/Users/Toan/STM32Cube/Repository/STM32Cube_FW_F4_V1.27.1/Middlewares/ST/STM32_USB_Device_Library/Class/CDC/Inc -O0 -ffunction-sections -fdata-sections -Wall -fstack-usage -fcyclomatic-complexity -MMD -MP -MF"Drivers/STM32F4xx_HAL_Driver/stm32f4xx_hal_flash.d" -MT"Drivers/STM32F4xx_HAL_Driver/stm32f4xx_hal_flash.o" --specs=nano.specs -mfpu=fpv4-sp-d16 -mfloat-abi=hard -mthumb -o "Drivers/STM32F4xx_HAL_Driver/stm32f4xx_hal_flash.o"
arm-none-eabi-gcc "C:/Users/Toan/STM32Cube/Repository/STM32Cube_FW_F4_V1.27.1/Drivers/STM32F4xx_HAL_Driver/Src/stm32f4xx_hal_flash_ex.c" -mcpu=cortex-m4 -std=gnu11 -g3 -DDEBUG -DUSE_HAL_DRIVER -DSTM32F411xE -c -I../Core/Inc -IC:/Users/Toan/STM32Cube/Repository/STM32Cube_FW_F4_V1.27.1/Drivers/STM32F4xx_HAL_Driver/Inc -IC:/Users/Toan/STM32Cube/Repository/STM32Cube_FW_F4_V1.27.1/Drivers/STM32F4xx_HAL_Driver/Inc/Legacy -IC:/Users/Toan/STM32Cube/Repository/STM32Cube_FW_F4_V1.27.1/Drivers/CMSIS/Device/ST/STM32F4xx/Include -IC:/Users/Toan/STM32Cube/Repository/STM32Cube_FW_F4_V1.27.1/Drivers/CMSIS/Include -I../USB_DEVICE/App -I../USB_DEVICE/Target -IC:/Users/Toan/STM32Cube/Repository/STM32Cube_FW_F4_V1.27.1/Middlewares/ST/STM32_USB_Device_Library/Core/Inc -IC:/Users/Toan/STM32Cube/Repository/STM32Cube_FW_F4_V1.27.1/Middlewares/ST/STM32_USB_Device_Library/Class/CDC/Inc -O0 -ffunction-sections -fdata-sections -Wall -fstack-usage -fcyclomatic-complexity -MMD -MP -MF"Drivers/STM32F4xx_HAL_Driver/stm32f4xx_hal_flash_ex.d" -MT"Drivers/STM32F4xx_HAL_Driver/stm32f4xx_hal_flash_ex.o" --specs=nano.specs -mfpu=fpv4-sp-d16 -mfloat-abi=hard -mthumb -o "Drivers/STM32F4xx_HAL_Driver/stm32f4xx_hal_flash_ex.o"
arm-none-eabi-gcc "C:/Users/Toan/STM32Cube/Repository/STM32Cube_FW_F4_V1.27.1/Drivers/STM32F4xx_HAL_Driver/Src/stm32f4xx_hal_flash_ramfunc.c" -mcpu=cortex-m4 -std=gnu11 -g3 -DDEBUG -DUSE_HAL_DRIVER -DSTM32F411xE -c -I../Core/Inc -IC:/Users/Toan/STM32Cube/Repository/STM32Cube_FW_F4_V1.27.1/Drivers/STM32F4xx_HAL_Driver/Inc -IC:/Users/Toan/STM32Cube/Repository/STM32Cube_FW_F4_V1.27.1/Drivers/STM32F4xx_HAL_Driver/Inc/Legacy -IC:/Users/Toan/STM32Cube/Repository/STM32Cube_FW_F4_V1.27.1/Drivers/CMSIS/Device/ST/STM32F4xx/Include -IC:/Users/Toan/STM32Cube/Repository/STM32Cube_FW_F4_V1.27.1/Drivers/CMSIS/Include -I../USB_DEVICE/App -I../USB_DEVICE/Target -IC:/Users/Toan/STM32Cube/Repository/STM32Cube_FW_F4_V1.27.1/Middlewares/ST/STM32_USB_Device_Library/Core/Inc -IC:/Users/Toan/STM32Cube/Repository/STM32Cube_FW_F4_V1.27.1/Middlewares/ST/STM32_USB_Device_Library/Class/CDC/Inc -O0 -ffunction-sections -fdata-sections -Wall -fstack-usage -fcyclomatic-complexity -MMD -MP -MF"Drivers/STM32F4xx_HAL_Driver/stm32f4xx_hal_flash_ramfunc.d" -MT"Drivers/STM32F4xx_HAL_Driver/stm32f4xx_hal_flash_ramfunc.o" --specs=nano.specs -mfpu=fpv4-sp-d16 -mfloat-abi=hard -mthumb -o "Drivers/STM32F4xx_HAL_Driver/stm32f4xx_hal_flash_ramfunc.o"
arm-none-eabi-gcc "C:/Users/Toan/STM32Cube/Repository/STM32Cube_FW_F4_V1.27.1/Drivers/STM32F4xx_HAL_Driver/Src/stm32f4xx_hal_gpio.c" -mcpu=cortex-m4 -std=gnu11 -g3 -DDEBUG -DUSE_HAL_DRIVER -DSTM32F411xE -c -I../Core/Inc -IC:/Users/Toan/STM32Cube/Repository/STM32Cube_FW_F4_V1.27.1/Drivers/STM32F4xx_HAL_Driver/Inc -IC:/Users/Toan/STM32Cube/Repository/STM32Cube_FW_F4_V1.27.1/Drivers/STM32F4xx_HAL_Driver/Inc/Legacy -IC:/Users/Toan/STM32Cube/Repository/STM32Cube_FW_F4_V1.27.1/Drivers/CMSIS/Device/ST/STM32F4xx/Include -IC:/Users/Toan/STM32Cube/Repository/STM32Cube_FW_F4_V1.27.1/Drivers/CMSIS/Include -I../USB_DEVICE/App -I../USB_DEVICE/Target -IC:/Users/Toan/STM32Cube/Repository/STM32Cube_FW_F4_V1.27.1/Middlewares/ST/STM32_USB_Device_Library/Core/Inc -IC:/Users/Toan/STM32Cube/Repository/STM32Cube_FW_F4_V1.27.1/Middlewares/ST/STM32_USB_Device_Library/Class/CDC/Inc -O0 -ffunction-sections -fdata-sections -Wall -fstack-usage -fcyclomatic-complexity -MMD -MP -MF"Drivers/STM32F4xx_HAL_Driver/stm32f4xx_hal_gpio.d" -MT"Drivers/STM32F4xx_HAL_Driver/stm32f4xx_hal_gpio.o" --specs=nano.specs -mfpu=fpv4-sp-d16 -mfloat-abi=hard -mthumb -o "Drivers/STM32F4xx_HAL_Driver/stm32f4xx_hal_gpio.o"
arm-none-eabi-gcc "C:/Users/Toan/STM32Cube/Repository/STM32Cube_FW_F4_V1.27.1/Drivers/STM32F4xx_HAL_Driver/Src/stm32f4xx_hal_i2c.c" -mcpu=cortex-m4 -std=gnu11 -g3 -DDEBUG -DUSE_HAL_DRIVER -DSTM32F411xE -c -I../Core/Inc -IC:/Users/Toan/STM32Cube/Repository/STM32Cube_FW_F4_V1.27.1/Drivers/STM32F4xx_HAL_Driver/Inc -IC:/Users/Toan/STM32Cube/Repository/STM32Cube_FW_F4_V1.27.1/Drivers/STM32F4xx_HAL_Driver/Inc/Legacy -IC:/Users/Toan/STM32Cube/Repository/STM32Cube_FW_F4_V1.27.1/Drivers/CMSIS/Device/ST/STM32F4xx/Include -IC:/Users/Toan/STM32Cube/Repository/STM32Cube_FW_F4_V1.27.1/Drivers/CMSIS/Include -I../USB_DEVICE/App -I../USB_DEVICE/Target -IC:/Users/Toan/STM32Cube/Repository/STM32Cube_FW_F4_V1.27.1/Middlewares/ST/STM32_USB_Device_Library/Core/Inc -IC:/Users/Toan/STM32Cube/Repository/STM32Cube_FW_F4_V1.27.1/Middlewares/ST/STM32_USB_Device_Library/Class/CDC/Inc -O0 -ffunction-sections -fdata-sections -Wall -fstack-usage -fcyclomatic-complexity -MMD -MP -MF"Drivers/STM32F4xx_HAL_Driver/stm32f4xx_hal_i2c.d" -MT"Drivers/STM32F4xx_HAL_Driver/stm32f4xx_hal_i2c.o" --specs=nano.specs -mfpu=fpv4-sp-d16 -mfloat-abi=hard -mthumb -o "Drivers/STM32F4xx_HAL_Driver/stm32f4xx_hal_i2c.o"
arm-none-eabi-gcc "C:/Users/Toan/STM32Cube/Repository/STM32Cube_FW_F4_V1.27.1/Drivers/STM32F4xx_HAL_Driver/Src/stm32f4xx_hal_i2c_ex.c" -mcpu=cortex-m4 -std=gnu11 -g3 -DDEBUG -DUSE_HAL_DRIVER -DSTM32F411xE -c -I../Core/Inc -IC:/Users/Toan/STM32Cube/Repository/STM32Cube_FW_F4_V1.27.1/Drivers/STM32F4xx_HAL_Driver/Inc -IC:/Users/Toan/STM32Cube/Repository/STM32Cube_FW_F4_V1.27.1/Drivers/STM32F4xx_HAL_Driver/Inc/Legacy -IC:/Users/Toan/STM32Cube/Repository/STM32Cube_FW_F4_V1.27.1/Drivers/CMSIS/Device/ST/STM32F4xx/Include -IC:/Users/Toan/STM32Cube/Repository/STM32Cube_FW_F4_V1.27.1/Drivers/CMSIS/Include -I../USB_DEVICE/App -I../USB_DEVICE/Target -IC:/Users/Toan/STM32Cube/Repository/STM32Cube_FW_F4_V1.27.1/Middlewares/ST/STM32_USB_Device_Library/Core/Inc -IC:/Users/Toan/STM32Cube/Repository/STM32Cube_FW_F4_V1.27.1/Middlewares/ST/STM32_USB_Device_Library/Class/CDC/Inc -O0 -ffunction-sections -fdata-sections -Wall -fstack-usage -fcyclomatic-complexity -MMD -MP -MF"Drivers/STM32F4xx_HAL_Driver/stm32f4xx_hal_i2c_ex.d" -MT"Drivers/STM32F4xx_HAL_Driver/stm32f4xx_hal_i2c_ex.o" --specs=nano.specs -mfpu=fpv4-sp-d16 -mfloat-abi=hard -mthumb -o "Drivers/STM32F4xx_HAL_Driver/stm32f4xx_hal_i2c_ex.o"
arm-none-eabi-gcc "C:/Users/Toan/STM32Cube/Repository/STM32Cube_FW_F4_V1.27.1/Drivers/STM32F4xx_HAL_Driver/Src/stm32f4xx_hal_pcd.c" -mcpu=cortex-m4 -std=gnu11 -g3 -DDEBUG -DUSE_HAL_DRIVER -DSTM32F411xE -c -I../Core/Inc -IC:/Users/Toan/STM32Cube/Repository/STM32Cube_FW_F4_V1.27.1/Drivers/STM32F4xx_HAL_Driver/Inc -IC:/Users/Toan/STM32Cube/Repository/STM32Cube_FW_F4_V1.27.1/Drivers/STM32F4xx_HAL_Driver/Inc/Legacy -IC:/Users/Toan/STM32Cube/Repository/STM32Cube_FW_F4_V1.27.1/Drivers/CMSIS/Device/ST/STM32F4xx/Include -IC:/Users/Toan/STM32Cube/Repository/STM32Cube_FW_F4_V1.27.1/Drivers/CMSIS/Include -I../USB_DEVICE/App -I../USB_DEVICE/Target -IC:/Users/Toan/STM32Cube/Repository/STM32Cube_FW_F4_V1.27.1/Middlewares/ST/STM32_USB_Device_Library/Core/Inc -IC:/Users/Toan/STM32Cube/Repository/STM32Cube_FW_F4_V1.27.1/Middlewares/ST/STM32_USB_Device_Library/Class/CDC/Inc -O0 -ffunction-sections -fdata-sections -Wall -fstack-usage -fcyclomatic-complexity -MMD -MP -MF"Drivers/STM32F4xx_HAL_Driver/stm32f4xx_hal_pcd.d" -MT"Drivers/STM32F4xx_HAL_Driver/stm32f4xx_hal_pcd.o" --specs=nano.specs -mfpu=fpv4-sp-d16 -mfloat-abi=hard -mthumb -o "Drivers/STM32F4xx_HAL_Driver/stm32f4xx_hal_pcd.o"
arm-none-eabi-gcc "C:/Users/Toan/STM32Cube/Repository/STM32Cube_FW_F4_V1.27.1/Drivers/STM32F4xx_HAL_Driver/Src/stm32f4xx_hal_pcd_ex.c" -mcpu=cortex-m4 -std=gnu11 -g3 -DDEBUG -DUSE_HAL_DRIVER -DSTM32F411xE -c -I../Core/Inc -IC:/Users/Toan/STM32Cube/Repository/STM32Cube_FW_F4_V1.27.1/Drivers/STM32F4xx_HAL_Driver/Inc -IC:/Users/Toan/STM32Cube/Repository/STM32Cube_FW_F4_V1.27.1/Drivers/STM32F4xx_HAL_Driver/Inc/Legacy -IC:/Users/Toan/STM32Cube/Repository/STM32Cube_FW_F4_V1.27.1/Drivers/CMSIS/Device/ST/STM32F4xx/Include -IC:/Users/Toan/STM32Cube/Repository/STM32Cube_FW_F4_V1.27.1/Drivers/CMSIS/Include -I../USB_DEVICE/App -I../USB_DEVICE/Target -IC:/Users/Toan/STM32Cube/Repository/STM32Cube_FW_F4_V1.27.1/Middlewares/ST/STM32_USB_Device_Library/Core/Inc -IC:/Users/Toan/STM32Cube/Repository/STM32Cube_FW_F4_V1.27.1/Middlewares/ST/STM32_USB_Device_Library/Class/CDC/Inc -O0 -ffunction-sections -fdata-sections -Wall -fstack-usage -fcyclomatic-complexity -MMD -MP -MF"Drivers/STM32F4xx_HAL_Driver/stm32f4xx_hal_pcd_ex.d" -MT"Drivers/STM32F4xx_HAL_Driver/stm32f4xx_hal_pcd_ex.o" --specs=nano.specs -mfpu=fpv4-sp-d16 -mfloat-abi=hard -mthumb -o "Drivers/STM32F4xx_HAL_Driver/stm32f4xx_hal_pcd_ex.o"
arm-none-eabi-gcc "C:/Users/Toan/STM32Cube/Repository/STM32Cube_FW_F4_V1.27.1/Drivers/STM32F4xx_HAL_Driver/Src/stm32f4xx_hal_pwr.c" -mcpu=cortex-m4 -std=gnu11 -g3 -DDEBUG -DUSE_HAL_DRIVER -DSTM32F411xE -c -I../Core/Inc -IC:/Users/Toan/STM32Cube/Repository/STM32Cube_FW_F4_V1.27.1/Drivers/STM32F4xx_HAL_Driver/Inc -IC:/Users/Toan/STM32Cube/Repository/STM32Cube_FW_F4_V1.27.1/Drivers/STM32F4xx_HAL_Driver/Inc/Legacy -IC:/Users/Toan/STM32Cube/Repository/STM32Cube_FW_F4_V1.27.1/Drivers/CMSIS/Device/ST/STM32F4xx/Include -IC:/Users/Toan/STM32Cube/Repository/STM32Cube_FW_F4_V1.27.1/Drivers/CMSIS/Include -I../USB_DEVICE/App -I../USB_DEVICE/Target -IC:/Users/Toan/STM32Cube/Repository/STM32Cube_FW_F4_V1.27.1/Middlewares/ST/STM32_USB_Device_Library/Core/Inc -IC:/Users/Toan/STM32Cube/Repository/STM32Cube_FW_F4_V1.27.1/Middlewares/ST/STM32_USB_Device_Library/Class/CDC/Inc -O0 -ffunction-sections -fdata-sections -Wall -fstack-usage -fcyclomatic-complexity -MMD -MP -MF"Drivers/STM32F4xx_HAL_Driver/stm32f4xx_hal_pwr.d" -MT"Drivers/STM32F4xx_HAL_Driver/stm32f4xx_hal_pwr.o" --specs=nano.specs -mfpu=fpv4-sp-d16 -mfloat-abi=hard -mthumb -o "Drivers/STM32F4xx_HAL_Driver/stm32f4xx_hal_pwr.o"
arm-none-eabi-gcc "C:/Users/Toan/STM32Cube/Repository/STM32Cube_FW_F4_V1.27.1/Drivers/STM32F4xx_HAL_Driver/Src/stm32f4xx_hal_pwr_ex.c" -mcpu=cortex-m4 -std=gnu11 -g3 -DDEBUG -DUSE_HAL_DRIVER -DSTM32F411xE -c -I../Core/Inc -IC:/Users/Toan/STM32Cube/Repository/STM32Cube_FW_F4_V1.27.1/Drivers/STM32F4xx_HAL_Driver/Inc -IC:/Users/Toan/STM32Cube/Repository/STM32Cube_FW_F4_V1.27.1/Drivers/STM32F4xx_HAL_Driver/Inc/Legacy -IC:/Users/Toan/STM32Cube/Repository/STM32Cube_FW_F4_V1.27.1/Drivers/CMSIS/Device/ST/STM32F4xx/Include -IC:/Users/Toan/STM32Cube/Repository/STM32Cube_FW_F4_V1.27.1/Drivers/CMSIS/Include -I../USB_DEVICE/App -I../USB_DEVICE/Target -IC:/Users/Toan/STM32Cube/Repository/STM32Cube_FW_F4_V1.27.1/Middlewares/ST/STM32_USB_Device_Library/Core/Inc -IC:/Users/Toan/STM32Cube/Repository/STM32Cube_FW_F4_V1.27.1/Middlewares/ST/STM32_USB_Device_Library/Class/CDC/Inc -O0 -ffunction-sections -fdata-sections -Wall -fstack-usage -fcyclomatic-complexity -MMD -MP -MF"Drivers/STM32F4xx_HAL_Driver/stm32f4xx_hal_pwr_ex.d" -MT"Drivers/STM32F4xx_HAL_Driver/stm32f4xx_hal_pwr_ex.o" --specs=nano.specs -mfpu=fpv4-sp-d16 -mfloat-abi=hard -mthumb -o "Drivers/STM32F4xx_HAL_Driver/stm32f4xx_hal_pwr_ex.o"
arm-none-eabi-gcc "C:/Users/Toan/STM32Cube/Repository/STM32Cube_FW_F4_V1.27.1/Drivers/STM32F4xx_HAL_Driver/Src/stm32f4xx_hal_rcc.c" -mcpu=cortex-m4 -std=gnu11 -g3 -DDEBUG -DUSE_HAL_DRIVER -DSTM32F411xE -c -I../Core/Inc -IC:/Users/Toan/STM32Cube/Repository/STM32Cube_FW_F4_V1.27.1/Drivers/STM32F4xx_HAL_Driver/Inc -IC:/Users/Toan/STM32Cube/Repository/STM32Cube_FW_F4_V1.27.1/Drivers/STM32F4xx_HAL_Driver/Inc/Legacy -IC:/Users/Toan/STM32Cube/Repository/STM32Cube_FW_F4_V1.27.1/Drivers/CMSIS/Device/ST/STM32F4xx/Include -IC:/Users/Toan/STM32Cube/Repository/STM32Cube_FW_F4_V1.27.1/Drivers/CMSIS/Include -I../USB_DEVICE/App -I../USB_DEVICE/Target -IC:/Users/Toan/STM32Cube/Repository/STM32Cube_FW_F4_V1.27.1/Middlewares/ST/STM32_USB_Device_Library/Core/Inc -IC:/Users/Toan/STM32Cube/Repository/STM32Cube_FW_F4_V1.27.1/Middlewares/ST/STM32_USB_Device_Library/Class/CDC/Inc -O0 -ffunction-sections -fdata-sections -Wall -fstack-usage -fcyclomatic-complexity -MMD -MP -MF"Drivers/STM32F4xx_HAL_Driver/stm32f4xx_hal_rcc.d" -MT"Drivers/STM32F4xx_HAL_Driver/stm32f4xx_hal_rcc.o" --specs=nano.specs -mfpu=fpv4-sp-d16 -mfloat-abi=hard -mthumb -o "Drivers/STM32F4xx_HAL_Driver/stm32f4xx_hal_rcc.o"
arm-none-eabi-gcc "C:/Users/Toan/STM32Cube/Repository/STM32Cube_FW_F4_V1.27.1/Drivers/STM32F4xx_HAL_Driver/Src/stm32f4xx_hal_rcc_ex.c" -mcpu=cortex-m4 -std=gnu11 -g3 -DDEBUG -DUSE_HAL_DRIVER -DSTM32F411xE -c -I../Core/Inc -IC:/Users/Toan/STM32Cube/Repository/STM32Cube_FW_F4_V1.27.1/Drivers/STM32F4xx_HAL_Driver/Inc -IC:/Users/Toan/STM32Cube/Repository/STM32Cube_FW_F4_V1.27.1/Drivers/STM32F4xx_HAL_Driver/Inc/Legacy -IC:/Users/Toan/STM32Cube/Repository/STM32Cube_FW_F4_V1.27.1/Drivers/CMSIS/Device/ST/STM32F4xx/Include -IC:/Users/Toan/STM32Cube/Repository/STM32Cube_FW_F4_V1.27.1/Drivers/CMSIS/Include -I../USB_DEVICE/App -I../USB_DEVICE/Target -IC:/Users/Toan/STM32Cube/Repository/STM32Cube_FW_F4_V1.27.1/Middlewares/ST/STM32_USB_Device_Library/Core/Inc -IC:/Users/Toan/STM32Cube/Repository/STM32Cube_FW_F4_V1.27.1/Middlewares/ST/STM32_USB_Device_Library/Class/CDC/Inc -O0 -ffunction-sections -fdata-sections -Wall -fstack-usage -fcyclomatic-complexity -MMD -MP -MF"Drivers/STM32F4xx_HAL_Driver/stm32f4xx_hal_rcc_ex.d" -MT"Drivers/STM32F4xx_HAL_Driver/stm32f4xx_hal_rcc_ex.o" --specs=nano.specs -mfpu=fpv4-sp-d16 -mfloat-abi=hard -mthumb -o "Drivers/STM32F4xx_HAL_Driver/stm32f4xx_hal_rcc_ex.o"
arm-none-eabi-gcc "C:/Users/Toan/STM32Cube/Repository/STM32Cube_FW_F4_V1.27.1/Drivers/STM32F4xx_HAL_Driver/Src/stm32f4xx_hal_tim.c" -mcpu=cortex-m4 -std=gnu11 -g3 -DDEBUG -DUSE_HAL_DRIVER -DSTM32F411xE -c -I../Core/Inc -IC:/Users/Toan/STM32Cube/Repository/STM32Cube_FW_F4_V1.27.1/Drivers/STM32F4xx_HAL_Driver/Inc -IC:/Users/Toan/STM32Cube/Repository/STM32Cube_FW_F4_V1.27.1/Drivers/STM32F4xx_HAL_Driver/Inc/Legacy -IC:/Users/Toan/STM32Cube/Repository/STM32Cube_FW_F4_V1.27.1/Drivers/CMSIS/Device/ST/STM32F4xx/Include -IC:/Users/Toan/STM32Cube/Repository/STM32Cube_FW_F4_V1.27.1/Drivers/CMSIS/Include -I../USB_DEVICE/App -I../USB_DEVICE/Target -IC:/Users/Toan/STM32Cube/Repository/STM32Cube_FW_F4_V1.27.1/Middlewares/ST/STM32_USB_Device_Library/Core/Inc -IC:/Users/Toan/STM32Cube/Repository/STM32Cube_FW_F4_V1.27.1/Middlewares/ST/STM32_USB_Device_Library/Class/CDC/Inc -O0 -ffunction-sections -fdata-sections -Wall -fstack-usage -fcyclomatic-complexity -MMD -MP -MF"Drivers/STM32F4xx_HAL_Driver/stm32f4xx_hal_tim.d" -MT"Drivers/STM32F4xx_HAL_Driver/stm32f4xx_hal_tim.o" --specs=nano.specs -mfpu=fpv4-sp-d16 -mfloat-abi=hard -mthumb -o "Drivers/STM32F4xx_HAL_Driver/stm32f4xx_hal_tim.o"
arm-none-eabi-gcc "C:/Users/Toan/STM32Cube/Repository/STM32Cube_FW_F4_V1.27.1/Drivers/STM32F4xx_HAL_Driver/Src/stm32f4xx_hal_tim_ex.c" -mcpu=cortex-m4 -std=gnu11 -g3 -DDEBUG -DUSE_HAL_DRIVER -DSTM32F411xE -c -I../Core/Inc -IC:/Users/Toan/STM32Cube/Repository/STM32Cube_FW_F4_V1.27.1/Drivers/STM32F4xx_HAL_Driver/Inc -IC:/Users/Toan/STM32Cube/Repository/STM32Cube_FW_F4_V1.27.1/Drivers/STM32F4xx_HAL_Driver/Inc/Legacy -IC:/Users/Toan/STM32Cube/Repository/STM32Cube_FW_F4_V1.27.1/Drivers/CMSIS/Device/ST/STM32F4xx/Include -IC:/Users/Toan/STM32Cube/Repository/STM32Cube_FW_F4_V1.27.1/Drivers/CMSIS/Include -I../USB_DEVICE/App -I../USB_DEVICE/Target -IC:/Users/Toan/STM32Cube/Repository/STM32Cube_FW_F4_V1.27.1/Middlewares/ST/STM32_USB_Device_Library/Core/Inc -IC:/Users/Toan/STM32Cube/Repository/STM32Cube_FW_F4_V1.27.1/Middlewares/ST/STM32_USB_Device_Library/Class/CDC/Inc -O0 -ffunction-sections -fdata-sections -Wall -fstack-usage -fcyclomatic-complexity -MMD -MP -MF"Drivers/STM32F4xx_HAL_Driver/stm32f4xx_hal_tim_ex.d" -MT"Drivers/STM32F4xx_HAL_Driver/stm32f4xx_hal_tim_ex.o" --specs=nano.specs -mfpu=fpv4-sp-d16 -mfloat-abi=hard -mthumb -o "Drivers/STM32F4xx_HAL_Driver/stm32f4xx_hal_tim_ex.o"
arm-none-eabi-gcc "C:/Users/Toan/STM32Cube/Repository/STM32Cube_FW_F4_V1.27.1/Drivers/STM32F4xx_HAL_Driver/Src/stm32f4xx_ll_usb.c" -mcpu=cortex-m4 -std=gnu11 -g3 -DDEBUG -DUSE_HAL_DRIVER -DSTM32F411xE -c -I../Core/Inc -IC:/Users/Toan/STM32Cube/Repository/STM32Cube_FW_F4_V1.27.1/Drivers/STM32F4xx_HAL_Driver/Inc -IC:/Users/Toan/STM32Cube/Repository/STM32Cube_FW_F4_V1.27.1/Drivers/STM32F4xx_HAL_Driver/Inc/Legacy -IC:/Users/Toan/STM32Cube/Repository/STM32Cube_FW_F4_V1.27.1/Drivers/CMSIS/Device/ST/STM32F4xx/Include -IC:/Users/Toan/STM32Cube/Repository/STM32Cube_FW_F4_V1.27.1/Drivers/CMSIS/Include -I../USB_DEVICE/App -I../USB_DEVICE/Target -IC:/Users/Toan/STM32Cube/Repository/STM32Cube_FW_F4_V1.27.1/Middlewares/ST/STM32_USB_Device_Library/Core/Inc -IC:/Users/Toan/STM32Cube/Repository/STM32Cube_FW_F4_V1.27.1/Middlewares/ST/STM32_USB_Device_Library/Class/CDC/Inc -O0 -ffunction-sections -fdata-sections -Wall -fstack-usage -fcyclomatic-complexity -MMD -MP -MF"Drivers/STM32F4xx_HAL_Driver/stm32f4xx_ll_usb.d" -MT"Drivers/STM32F4xx_HAL_Driver/stm32f4xx_ll_usb.o" --specs=nano.specs -mfpu=fpv4-sp-d16 -mfloat-abi=hard -mthumb -o "Drivers/STM32F4xx_HAL_Driver/stm32f4xx_ll_usb.o"
arm-none-eabi-gcc -mcpu=cortex-m4 -g3 -DDEBUG -c -x assembler-with-cpp -MMD -MP -MF"Core/Startup/startup_stm32f411vetx.d" -MT"Core/Startup/startup_stm32f411vetx.o" --specs=nano.specs -mfpu=fpv4-sp-d16 -mfloat-abi=hard -mthumb -o "Core/Startup/startup_stm32f411vetx.o" "../Core/Startup/startup_stm32f411vetx.s"
arm-none-eabi-gcc "../Core/Src/i2c-lcd.c" -mcpu=cortex-m4 -std=gnu11 -g3 -DDEBUG -DUSE_HAL_DRIVER -DSTM32F411xE -c -I../Core/Inc -IC:/Users/Toan/STM32Cube/Repository/STM32Cube_FW_F4_V1.27.1/Drivers/STM32F4xx_HAL_Driver/Inc -IC:/Users/Toan/STM32Cube/Repository/STM32Cube_FW_F4_V1.27.1/Drivers/STM32F4xx_HAL_Driver/Inc/Legacy -IC:/Users/Toan/STM32Cube/Repository/STM32Cube_FW_F4_V1.27.1/Drivers/CMSIS/Device/ST/STM32F4xx/Include -IC:/Users/Toan/STM32Cube/Repository/STM32Cube_FW_F4_V1.27.1/Drivers/CMSIS/Include -I../USB_DEVICE/App -I../USB_DEVICE/Target -IC:/Users/Toan/STM32Cube/Repository/STM32Cube_FW_F4_V1.27.1/Middlewares/ST/STM32_USB_Device_Library/Core/Inc -IC:/Users/Toan/STM32Cube/Repository/STM32Cube_FW_F4_V1.27.1/Middlewares/ST/STM32_USB_Device_Library/Class/CDC/Inc -O0 -ffunction-sections -fdata-sections -Wall -fstack-usage -fcyclomatic-complexity -MMD -MP -MF"Core/Src/i2c-lcd.d" -MT"Core/Src/i2c-lcd.o" --specs=nano.specs -mfpu=fpv4-sp-d16 -mfloat-abi=hard -mthumb -o "Core/Src/i2c-lcd.o"
arm-none-eabi-gcc "../Core/Src/main.c" -mcpu=cortex-m4 -std=gnu11 -g3 -DDEBUG -DUSE_HAL_DRIVER -DSTM32F411xE -c -I../Core/Inc -IC:/Users/Toan/STM32Cube/Repository/STM32Cube_FW_F4_V1.27.1/Drivers/STM32F4xx_HAL_Driver/Inc -IC:/Users/Toan/STM32Cube/Repository/STM32Cube_FW_F4_V1.27.1/Drivers/STM32F4xx_HAL_Driver/Inc/Legacy -IC:/Users/Toan/STM32Cube/Repository/STM32Cube_FW_F4_V1.27.1/Drivers/CMSIS/Device/ST/STM32F4xx/Include -IC:/Users/Toan/STM32Cube/Repository/STM32Cube_FW_F4_V1.27.1/Drivers/CMSIS/Include -I../USB_DEVICE/App -I../USB_DEVICE/Target -IC:/Users/Toan/STM32Cube/Repository/STM32Cube_FW_F4_V1.27.1/Middlewares/ST/STM32_USB_Device_Library/Core/Inc -IC:/Users/Toan/STM32Cube/Repository/STM32Cube_FW_F4_V1.27.1/Middlewares/ST/STM32_USB_Device_Library/Class/CDC/Inc -O0 -ffunction-sections -fdata-sections -Wall -fstack-usage -fcyclomatic-complexity -MMD -MP -MF"Core/Src/main.d" -MT"Core/Src/main.o" --specs=nano.specs -mfpu=fpv4-sp-d16 -mfloat-abi=hard -mthumb -o "Core/Src/main.o"
arm-none-eabi-gcc "../Core/Src/stm32f4xx_hal_msp.c" -mcpu=cortex-m4 -std=gnu11 -g3 -DDEBUG -DUSE_HAL_DRIVER -DSTM32F411xE -c -I../Core/Inc -IC:/Users/Toan/STM32Cube/Repository/STM32Cube_FW_F4_V1.27.1/Drivers/STM32F4xx_HAL_Driver/Inc -IC:/Users/Toan/STM32Cube/Repository/STM32Cube_FW_F4_V1.27.1/Drivers/STM32F4xx_HAL_Driver/Inc/Legacy -IC:/Users/Toan/STM32Cube/Repository/STM32Cube_FW_F4_V1.27.1/Drivers/CMSIS/Device/ST/STM32F4xx/Include -IC:/Users/Toan/STM32Cube/Repository/STM32Cube_FW_F4_V1.27.1/Drivers/CMSIS/Include -I../USB_DEVICE/App -I../USB_DEVICE/Target -IC:/Users/Toan/STM32Cube/Repository/STM32Cube_FW_F4_V1.27.1/Middlewares/ST/STM32_USB_Device_Library/Core/Inc -IC:/Users/Toan/STM32Cube/Repository/STM32Cube_FW_F4_V1.27.1/Middlewares/ST/STM32_USB_Device_Library/Class/CDC/Inc -O0 -ffunction-sections -fdata-sections -Wall -fstack-usage -fcyclomatic-complexity -MMD -MP -MF"Core/Src/stm32f4xx_hal_msp.d" -MT"Core/Src/stm32f4xx_hal_msp.o" --specs=nano.specs -mfpu=fpv4-sp-d16 -mfloat-abi=hard -mthumb -o "Core/Src/stm32f4xx_hal_msp.o"
arm-none-eabi-gcc "../Core/Src/stm32f4xx_it.c" -mcpu=cortex-m4 -std=gnu11 -g3 -DDEBUG -DUSE_HAL_DRIVER -DSTM32F411xE -c -I../Core/Inc -IC:/Users/Toan/STM32Cube/Repository/STM32Cube_FW_F4_V1.27.1/Drivers/STM32F4xx_HAL_Driver/Inc -IC:/Users/Toan/STM32Cube/Repository/STM32Cube_FW_F4_V1.27.1/Drivers/STM32F4xx_HAL_Driver/Inc/Legacy -IC:/Users/Toan/STM32Cube/Repository/STM32Cube_FW_F4_V1.27.1/Drivers/CMSIS/Device/ST/STM32F4xx/Include -IC:/Users/Toan/STM32Cube/Repository/STM32Cube_FW_F4_V1.27.1/Drivers/CMSIS/Include -I../USB_DEVICE/App -I../USB_DEVICE/Target -IC:/Users/Toan/STM32Cube/Repository/STM32Cube_FW_F4_V1.27.1/Middlewares/ST/STM32_USB_Device_Library/Core/Inc -IC:/Users/Toan/STM32Cube/Repository/STM32Cube_FW_F4_V1.27.1/Middlewares/ST/STM32_USB_Device_Library/Class/CDC/Inc -O0 -ffunction-sections -fdata-sections -Wall -fstack-usage -fcyclomatic-complexity -MMD -MP -MF"Core/Src/stm32f4xx_it.d" -MT"Core/Src/stm32f4xx_it.o" --specs=nano.specs -mfpu=fpv4-sp-d16 -mfloat-abi=hard -mthumb -o "Core/Src/stm32f4xx_it.o"
arm-none-eabi-gcc "../Core/Src/syscalls.c" -mcpu=cortex-m4 -std=gnu11 -g3 -DDEBUG -DUSE_HAL_DRIVER -DSTM32F411xE -c -I../Core/Inc -IC:/Users/Toan/STM32Cube/Repository/STM32Cube_FW_F4_V1.27.1/Drivers/STM32F4xx_HAL_Driver/Inc -IC:/Users/Toan/STM32Cube/Repository/STM32Cube_FW_F4_V1.27.1/Drivers/STM32F4xx_HAL_Driver/Inc/Legacy -IC:/Users/Toan/STM32Cube/Repository/STM32Cube_FW_F4_V1.27.1/Drivers/CMSIS/Device/ST/STM32F4xx/Include -IC:/Users/Toan/STM32Cube/Repository/STM32Cube_FW_F4_V1.27.1/Drivers/CMSIS/Include -I../USB_DEVICE/App -I../USB_DEVICE/Target -IC:/Users/Toan/STM32Cube/Repository/STM32Cube_FW_F4_V1.27.1/Middlewares/ST/STM32_USB_Device_Library/Core/Inc -IC:/Users/Toan/STM32Cube/Repository/STM32Cube_FW_F4_V1.27.1/Middlewares/ST/STM32_USB_Device_Library/Class/CDC/Inc -O0 -ffunction-sections -fdata-sections -Wall -fstack-usage -fcyclomatic-complexity -MMD -MP -MF"Core/Src/syscalls.d" -MT"Core/Src/syscalls.o" --specs=nano.specs -mfpu=fpv4-sp-d16 -mfloat-abi=hard -mthumb -o "Core/Src/syscalls.o"
arm-none-eabi-gcc "../Core/Src/sysmem.c" -mcpu=cortex-m4 -std=gnu11 -g3 -DDEBUG -DUSE_HAL_DRIVER -DSTM32F411xE -c -I../Core/Inc -IC:/Users/Toan/STM32Cube/Repository/STM32Cube_FW_F4_V1.27.1/Drivers/STM32F4xx_HAL_Driver/Inc -IC:/Users/Toan/STM32Cube/Repository/STM32Cube_FW_F4_V1.27.1/Drivers/STM32F4xx_HAL_Driver/Inc/Legacy -IC:/Users/Toan/STM32Cube/Repository/STM32Cube_FW_F4_V1.27.1/Drivers/CMSIS/Device/ST/STM32F4xx/Include -IC:/Users/Toan/STM32Cube/Repository/STM32Cube_FW_F4_V1.27.1/Drivers/CMSIS/Include -I../USB_DEVICE/App -I../USB_DEVICE/Target -IC:/Users/Toan/STM32Cube/Repository/STM32Cube_FW_F4_V1.27.1/Middlewares/ST/STM32_USB_Device_Library/Core/Inc -IC:/Users/Toan/STM32Cube/Repository/STM32Cube_FW_F4_V1.27.1/Middlewares/ST/STM32_USB_Device_Library/Class/CDC/Inc -O0 -ffunction-sections -fdata-sections -Wall -fstack-usage -fcyclomatic-complexity -MMD -MP -MF"Core/Src/sysmem.d" -MT"Core/Src/sysmem.o" --specs=nano.specs -mfpu=fpv4-sp-d16 -mfloat-abi=hard -mthumb -o "Core/Src/sysmem.o"
arm-none-eabi-gcc "../Core/Src/system_stm32f4xx.c" -mcpu=cortex-m4 -std=gnu11 -g3 -DDEBUG -DUSE_HAL_DRIVER -DSTM32F411xE -c -I../Core/Inc -IC:/Users/Toan/STM32Cube/Repository/STM32Cube_FW_F4_V1.27.1/Drivers/STM32F4xx_HAL_Driver/Inc -IC:/Users/Toan/STM32Cube/Repository/STM32Cube_FW_F4_V1.27.1/Drivers/STM32F4xx_HAL_Driver/Inc/Legacy -IC:/Users/Toan/STM32Cube/Repository/STM32Cube_FW_F4_V1.27.1/Drivers/CMSIS/Device/ST/STM32F4xx/Include -IC:/Users/Toan/STM32Cube/Repository/STM32Cube_FW_F4_V1.27.1/Drivers/CMSIS/Include -I../USB_DEVICE/App -I../USB_DEVICE/Target -IC:/Users/Toan/STM32Cube/Repository/STM32Cube_FW_F4_V1.27.1/Middlewares/ST/STM32_USB_Device_Library/Core/Inc -IC:/Users/Toan/STM32Cube/Repository/STM32Cube_FW_F4_V1.27.1/Middlewares/ST/STM32_USB_Device_Library/Class/CDC/Inc -O0 -ffunction-sections -fdata-sections -Wall -fstack-usage -fcyclomatic-complexity -MMD -MP -MF"Core/Src/system_stm32f4xx.d" -MT"Core/Src/system_stm32f4xx.o" --specs=nano.specs -mfpu=fpv4-sp-d16 -mfloat-abi=hard -mthumb -o "Core/Src/system_stm32f4xx.o"
arm-none-eabi-gcc -o "ALL_IN_ONE.elf" @"objects.list"   -mcpu=cortex-m4 -T"D:\Courses_TH\Nam_3\TH_HK_1\Thiet_ke_he_thong_nhung\STM32F411VET6\ALL_IN_ONE\ALL_IN_ONE\STM32F411VETX_FLASH.ld" --specs=nosys.specs -Wl,-Map="ALL_IN_ONE.map" -Wl,--gc-sections -static --specs=nano.specs -mfpu=fpv4-sp-d16 -mfloat-abi=hard -mthumb -Wl,--start-group -lc -lm -Wl,--end-group
Finished building target: ALL_IN_ONE.elf
 
arm-none-eabi-size   ALL_IN_ONE.elf 
arm-none-eabi-objdump -h -S  ALL_IN_ONE.elf  > "ALL_IN_ONE.list"
   text	   data	    bss	    dec	    hex	filename
  34448	    260	   8908	  43616	   aa60	ALL_IN_ONE.elf
Finished building: default.size.stdout
 
Finished building: ALL_IN_ONE.list
 
22:28:24 **** Incremental Build of configuration Debug for project ALL_IN_ONE ****
make -j12 all 
arm-none-eabi-size   ALL_IN_ONE.elf 
   text	   data	    bss	    dec	    hex	filename
  34448	    260	   8908	  43616	   aa60	ALL_IN_ONE.elf
Finished building: default.size.stdout
 
22:28:58 **** Incremental Build of configuration Debug for project ALL_IN_ONE ****
make -j12 all 
arm-none-eabi-gcc "../Core/Src/main.c" -mcpu=cortex-m4 -std=gnu11 -g3 -DDEBUG -DUSE_HAL_DRIVER -DSTM32F411xE -c -I../Core/Inc -IC:/Users/Toan/STM32Cube/Repository/STM32Cube_FW_F4_V1.27.1/Drivers/STM32F4xx_HAL_Driver/Inc -IC:/Users/Toan/STM32Cube/Repository/STM32Cube_FW_F4_V1.27.1/Drivers/STM32F4xx_HAL_Driver/Inc/Legacy -IC:/Users/Toan/STM32Cube/Repository/STM32Cube_FW_F4_V1.27.1/Drivers/CMSIS/Device/ST/STM32F4xx/Include -IC:/Users/Toan/STM32Cube/Repository/STM32Cube_FW_F4_V1.27.1/Drivers/CMSIS/Include -I../USB_DEVICE/App -I../USB_DEVICE/Target -IC:/Users/Toan/STM32Cube/Repository/STM32Cube_FW_F4_V1.27.1/Middlewares/ST/STM32_USB_Device_Library/Core/Inc -IC:/Users/Toan/STM32Cube/Repository/STM32Cube_FW_F4_V1.27.1/Middlewares/ST/STM32_USB_Device_Library/Class/CDC/Inc -O0 -ffunction-sections -fdata-sections -Wall -fstack-usage -fcyclomatic-complexity -MMD -MP -MF"Core/Src/main.d" -MT"Core/Src/main.o" --specs=nano.specs -mfpu=fpv4-sp-d16 -mfloat-abi=hard -mthumb -o "Core/Src/main.o"
arm-none-eabi-gcc -o "ALL_IN_ONE.elf" @"objects.list"   -mcpu=cortex-m4 -T"D:\Courses_TH\Nam_3\TH_HK_1\Thiet_ke_he_thong_nhung\STM32F411VET6\ALL_IN_ONE\ALL_IN_ONE\STM32F411VETX_FLASH.ld" --specs=nosys.specs -Wl,-Map="ALL_IN_ONE.map" -Wl,--gc-sections -static --specs=nano.specs -mfpu=fpv4-sp-d16 -mfloat-abi=hard -mthumb -Wl,--start-group -lc -lm -Wl,--end-group
Finished building target: ALL_IN_ONE.elf
 
arm-none-eabi-size   ALL_IN_ONE.elf 
arm-none-eabi-objdump -h -S  ALL_IN_ONE.elf  > "ALL_IN_ONE.list"
   text	   data	    bss	    dec	    hex	filename
  34448	    260	   8908	  43616	   aa60	ALL_IN_ONE.elf
Finished building: default.size.stdout
 
Finished building: ALL_IN_ONE.list
 
22:29:02 **** Incremental Build of configuration Debug for project ALL_IN_ONE ****
make -j12 all 
arm-none-eabi-size   ALL_IN_ONE.elf 
   text	   data	    bss	    dec	    hex	filename
  34448	    260	   8908	  43616	   aa60	ALL_IN_ONE.elf
Finished building: default.size.stdout
 
22:31:03 **** Incremental Build of configuration Debug for project ALL_IN_ONE ****
make -j12 all 
arm-none-eabi-gcc "../Core/Src/main.c" -mcpu=cortex-m4 -std=gnu11 -g3 -DDEBUG -DUSE_HAL_DRIVER -DSTM32F411xE -c -I../Core/Inc -IC:/Users/Toan/STM32Cube/Repository/STM32Cube_FW_F4_V1.27.1/Drivers/STM32F4xx_HAL_Driver/Inc -IC:/Users/Toan/STM32Cube/Repository/STM32Cube_FW_F4_V1.27.1/Drivers/STM32F4xx_HAL_Driver/Inc/Legacy -IC:/Users/Toan/STM32Cube/Repository/STM32Cube_FW_F4_V1.27.1/Drivers/CMSIS/Device/ST/STM32F4xx/Include -IC:/Users/Toan/STM32Cube/Repository/STM32Cube_FW_F4_V1.27.1/Drivers/CMSIS/Include -I../USB_DEVICE/App -I../USB_DEVICE/Target -IC:/Users/Toan/STM32Cube/Repository/STM32Cube_FW_F4_V1.27.1/Middlewares/ST/STM32_USB_Device_Library/Core/Inc -IC:/Users/Toan/STM32Cube/Repository/STM32Cube_FW_F4_V1.27.1/Middlewares/ST/STM32_USB_Device_Library/Class/CDC/Inc -O0 -ffunction-sections -fdata-sections -Wall -fstack-usage -fcyclomatic-complexity -MMD -MP -MF"Core/Src/main.d" -MT"Core/Src/main.o" --specs=nano.specs -mfpu=fpv4-sp-d16 -mfloat-abi=hard -mthumb -o "Core/Src/main.o"
arm-none-eabi-gcc -o "ALL_IN_ONE.elf" @"objects.list"   -mcpu=cortex-m4 -T"D:\Courses_TH\Nam_3\TH_HK_1\Thiet_ke_he_thong_nhung\STM32F411VET6\ALL_IN_ONE\ALL_IN_ONE\STM32F411VETX_FLASH.ld" --specs=nosys.specs -Wl,-Map="ALL_IN_ONE.map" -Wl,--gc-sections -static --specs=nano.specs -mfpu=fpv4-sp-d16 -mfloat-abi=hard -mthumb -Wl,--start-group -lc -lm -Wl,--end-group
Finished building target: ALL_IN_ONE.elf
 
arm-none-eabi-size   ALL_IN_ONE.elf 
arm-none-eabi-objdump -h -S  ALL_IN_ONE.elf  > "ALL_IN_ONE.list"
   text	   data	    bss	    dec	    hex	filename
  34456	    260	   8908	  43624	   aa68	ALL_IN_ONE.elf
Finished building: default.size.stdout
 
Finished building: ALL_IN_ONE.list
 
22:31:08 **** Incremental Build of configuration Debug for project ALL_IN_ONE ****
make -j12 all 
arm-none-eabi-size   ALL_IN_ONE.elf 
   text	   data	    bss	    dec	    hex	filename
  34456	    260	   8908	  43624	   aa68	ALL_IN_ONE.elf
Finished building: default.size.stdout
 
22:31:39 **** Incremental Build of configuration Debug for project ALL_IN_ONE ****
make -j12 all 
arm-none-eabi-gcc "../Core/Src/main.c" -mcpu=cortex-m4 -std=gnu11 -g3 -DDEBUG -DUSE_HAL_DRIVER -DSTM32F411xE -c -I../Core/Inc -IC:/Users/Toan/STM32Cube/Repository/STM32Cube_FW_F4_V1.27.1/Drivers/STM32F4xx_HAL_Driver/Inc -IC:/Users/Toan/STM32Cube/Repository/STM32Cube_FW_F4_V1.27.1/Drivers/STM32F4xx_HAL_Driver/Inc/Legacy -IC:/Users/Toan/STM32Cube/Repository/STM32Cube_FW_F4_V1.27.1/Drivers/CMSIS/Device/ST/STM32F4xx/Include -IC:/Users/Toan/STM32Cube/Repository/STM32Cube_FW_F4_V1.27.1/Drivers/CMSIS/Include -I../USB_DEVICE/App -I../USB_DEVICE/Target -IC:/Users/Toan/STM32Cube/Repository/STM32Cube_FW_F4_V1.27.1/Middlewares/ST/STM32_USB_Device_Library/Core/Inc -IC:/Users/Toan/STM32Cube/Repository/STM32Cube_FW_F4_V1.27.1/Middlewares/ST/STM32_USB_Device_Library/Class/CDC/Inc -O0 -ffunction-sections -fdata-sections -Wall -fstack-usage -fcyclomatic-complexity -MMD -MP -MF"Core/Src/main.d" -MT"Core/Src/main.o" --specs=nano.specs -mfpu=fpv4-sp-d16 -mfloat-abi=hard -mthumb -o "Core/Src/main.o"
arm-none-eabi-gcc -o "ALL_IN_ONE.elf" @"objects.list"   -mcpu=cortex-m4 -T"D:\Courses_TH\Nam_3\TH_HK_1\Thiet_ke_he_thong_nhung\STM32F411VET6\ALL_IN_ONE\ALL_IN_ONE\STM32F411VETX_FLASH.ld" --specs=nosys.specs -Wl,-Map="ALL_IN_ONE.map" -Wl,--gc-sections -static --specs=nano.specs -mfpu=fpv4-sp-d16 -mfloat-abi=hard -mthumb -Wl,--start-group -lc -lm -Wl,--end-group
Finished building target: ALL_IN_ONE.elf
 
arm-none-eabi-size   ALL_IN_ONE.elf 
arm-none-eabi-objdump -h -S  ALL_IN_ONE.elf  > "ALL_IN_ONE.list"
   text	   data	    bss	    dec	    hex	filename
  34456	    260	   8908	  43624	   aa68	ALL_IN_ONE.elf
Finished building: default.size.stdout
 
Finished building: ALL_IN_ONE.list
 
22:38:35 **** Incremental Build of configuration Debug for project ALL_IN_ONE ****
make -j12 all 
arm-none-eabi-gcc "../Core/Src/main.c" -mcpu=cortex-m4 -std=gnu11 -g3 -DDEBUG -DUSE_HAL_DRIVER -DSTM32F411xE -c -I../Core/Inc -IC:/Users/Toan/STM32Cube/Repository/STM32Cube_FW_F4_V1.27.1/Drivers/STM32F4xx_HAL_Driver/Inc -IC:/Users/Toan/STM32Cube/Repository/STM32Cube_FW_F4_V1.27.1/Drivers/STM32F4xx_HAL_Driver/Inc/Legacy -IC:/Users/Toan/STM32Cube/Repository/STM32Cube_FW_F4_V1.27.1/Drivers/CMSIS/Device/ST/STM32F4xx/Include -IC:/Users/Toan/STM32Cube/Repository/STM32Cube_FW_F4_V1.27.1/Drivers/CMSIS/Include -I../USB_DEVICE/App -I../USB_DEVICE/Target -IC:/Users/Toan/STM32Cube/Repository/STM32Cube_FW_F4_V1.27.1/Middlewares/ST/STM32_USB_Device_Library/Core/Inc -IC:/Users/Toan/STM32Cube/Repository/STM32Cube_FW_F4_V1.27.1/Middlewares/ST/STM32_USB_Device_Library/Class/CDC/Inc -O0 -ffunction-sections -fdata-sections -Wall -fstack-usage -fcyclomatic-complexity -MMD -MP -MF"Core/Src/main.d" -MT"Core/Src/main.o" --specs=nano.specs -mfpu=fpv4-sp-d16 -mfloat-abi=hard -mthumb -o "Core/Src/main.o"
arm-none-eabi-gcc -o "ALL_IN_ONE.elf" @"objects.list"   -mcpu=cortex-m4 -T"D:\Courses_TH\Nam_3\TH_HK_1\Thiet_ke_he_thong_nhung\STM32F411VET6\ALL_IN_ONE\ALL_IN_ONE\STM32F411VETX_FLASH.ld" --specs=nosys.specs -Wl,-Map="ALL_IN_ONE.map" -Wl,--gc-sections -static --specs=nano.specs -mfpu=fpv4-sp-d16 -mfloat-abi=hard -mthumb -Wl,--start-group -lc -lm -Wl,--end-group
Finished building target: ALL_IN_ONE.elf
 
arm-none-eabi-size   ALL_IN_ONE.elf 
arm-none-eabi-objdump -h -S  ALL_IN_ONE.elf  > "ALL_IN_ONE.list"
   text	   data	    bss	    dec	    hex	filename
  32788	    260	   8908	  41956	   a3e4	ALL_IN_ONE.elf
Finished building: default.size.stdout
 
Finished building: ALL_IN_ONE.list
 
22:38:53 **** Incremental Build of configuration Debug for project ALL_IN_ONE ****
make -j12 all 
arm-none-eabi-size   ALL_IN_ONE.elf 
   text	   data	    bss	    dec	    hex	filename
  32788	    260	   8908	  41956	   a3e4	ALL_IN_ONE.elf
Finished building: default.size.stdout
 
22:44:40 **** Incremental Build of configuration Debug for project ALL_IN_ONE ****
make -j12 all 
arm-none-eabi-gcc "../USB_DEVICE/App/usbd_cdc_if.c" -mcpu=cortex-m4 -std=gnu11 -g3 -DDEBUG -DUSE_HAL_DRIVER -DSTM32F411xE -c -I../Core/Inc -IC:/Users/Toan/STM32Cube/Repository/STM32Cube_FW_F4_V1.27.1/Drivers/STM32F4xx_HAL_Driver/Inc -IC:/Users/Toan/STM32Cube/Repository/STM32Cube_FW_F4_V1.27.1/Drivers/STM32F4xx_HAL_Driver/Inc/Legacy -IC:/Users/Toan/STM32Cube/Repository/STM32Cube_FW_F4_V1.27.1/Drivers/CMSIS/Device/ST/STM32F4xx/Include -IC:/Users/Toan/STM32Cube/Repository/STM32Cube_FW_F4_V1.27.1/Drivers/CMSIS/Include -I../USB_DEVICE/App -I../USB_DEVICE/Target -IC:/Users/Toan/STM32Cube/Repository/STM32Cube_FW_F4_V1.27.1/Middlewares/ST/STM32_USB_Device_Library/Core/Inc -IC:/Users/Toan/STM32Cube/Repository/STM32Cube_FW_F4_V1.27.1/Middlewares/ST/STM32_USB_Device_Library/Class/CDC/Inc -O0 -ffunction-sections -fdata-sections -Wall -fstack-usage -fcyclomatic-complexity -MMD -MP -MF"USB_DEVICE/App/usbd_cdc_if.d" -MT"USB_DEVICE/App/usbd_cdc_if.o" --specs=nano.specs -mfpu=fpv4-sp-d16 -mfloat-abi=hard -mthumb -o "USB_DEVICE/App/usbd_cdc_if.o"
arm-none-eabi-gcc "../Core/Src/main.c" -mcpu=cortex-m4 -std=gnu11 -g3 -DDEBUG -DUSE_HAL_DRIVER -DSTM32F411xE -c -I../Core/Inc -IC:/Users/Toan/STM32Cube/Repository/STM32Cube_FW_F4_V1.27.1/Drivers/STM32F4xx_HAL_Driver/Inc -IC:/Users/Toan/STM32Cube/Repository/STM32Cube_FW_F4_V1.27.1/Drivers/STM32F4xx_HAL_Driver/Inc/Legacy -IC:/Users/Toan/STM32Cube/Repository/STM32Cube_FW_F4_V1.27.1/Drivers/CMSIS/Device/ST/STM32F4xx/Include -IC:/Users/Toan/STM32Cube/Repository/STM32Cube_FW_F4_V1.27.1/Drivers/CMSIS/Include -I../USB_DEVICE/App -I../USB_DEVICE/Target -IC:/Users/Toan/STM32Cube/Repository/STM32Cube_FW_F4_V1.27.1/Middlewares/ST/STM32_USB_Device_Library/Core/Inc -IC:/Users/Toan/STM32Cube/Repository/STM32Cube_FW_F4_V1.27.1/Middlewares/ST/STM32_USB_Device_Library/Class/CDC/Inc -O0 -ffunction-sections -fdata-sections -Wall -fstack-usage -fcyclomatic-complexity -MMD -MP -MF"Core/Src/main.d" -MT"Core/Src/main.o" --specs=nano.specs -mfpu=fpv4-sp-d16 -mfloat-abi=hard -mthumb -o "Core/Src/main.o"
../Core/Src/main.c: In function 'main':
../Core/Src/main.c:153:22: warning: pointer targets in passing argument 1 of 'strcmp' differ in signedness [-Wpointer-sign]
  153 |           i = strcmp(mystring0, receive_data);
      |                      ^~~~~~~~~
      |                      |
      |                      uint8_t * {aka unsigned char *}
In file included from ../USB_DEVICE/Target/usbd_conf.h:32,
                 from C:/Users/Toan/STM32Cube/Repository/STM32Cube_FW_F4_V1.27.1/Middlewares/ST/STM32_USB_Device_Library/Core/Inc/usbd_def.h:28,
                 from ../USB_DEVICE/App/usb_device.h:32,
                 from ../Core/Src/main.c:21:
D:\STM32CubeIDE_1.13.2\STM32CubeIDE\plugins\com.st.stm32cube.ide.mcu.externaltools.gnu-tools-for-stm32.11.3.rel1.win32_1.1.1.202309131626\tools\bin/../lib/gcc/arm-none-eabi/11.3.1/../../../../arm-none-eabi/include/string.h:36:18: note: expected 'const char *' but argument is of type 'uint8_t *' {aka 'unsigned char *'}
   36 | int      strcmp (const char *, const char *);
      |                  ^~~~~~~~~~~~
../Core/Src/main.c:153:33: warning: pointer targets in passing argument 2 of 'strcmp' differ in signedness [-Wpointer-sign]
  153 |           i = strcmp(mystring0, receive_data);
      |                                 ^~~~~~~~~~~~
      |                                 |
      |                                 uint8_t * {aka unsigned char *}
In file included from ../USB_DEVICE/Target/usbd_conf.h:32,
                 from C:/Users/Toan/STM32Cube/Repository/STM32Cube_FW_F4_V1.27.1/Middlewares/ST/STM32_USB_Device_Library/Core/Inc/usbd_def.h:28,
                 from ../USB_DEVICE/App/usb_device.h:32,
                 from ../Core/Src/main.c:21:
D:\STM32CubeIDE_1.13.2\STM32CubeIDE\plugins\com.st.stm32cube.ide.mcu.externaltools.gnu-tools-for-stm32.11.3.rel1.win32_1.1.1.202309131626\tools\bin/../lib/gcc/arm-none-eabi/11.3.1/../../../../arm-none-eabi/include/string.h:36:32: note: expected 'const char *' but argument is of type 'uint8_t *' {aka 'unsigned char *'}
   36 | int      strcmp (const char *, const char *);
      |                                ^~~~~~~~~~~~
../USB_DEVICE/App/usbd_cdc_if.c: In function 'CDC_Receive_FS':
../Core/Src/main.c:157:22: warning: pointer targets in passing argument 1 of 'strcmp' differ in signedness [-Wpointer-sign]
  157 |           j = strcmp(mystring1, receive_data);
      |                      ^~~~~~~~~
      |                      |
      |                      uint8_t * {aka unsigned char *}
In file included from ../USB_DEVICE/Target/usbd_conf.h:32,
                 from C:/Users/Toan/STM32Cube/Repository/STM32Cube_FW_F4_V1.27.1/Middlewares/ST/STM32_USB_Device_Library/Core/Inc/usbd_def.h:28,
                 from ../USB_DEVICE/App/usb_device.h:32,
                 from ../Core/Src/main.c:21:
D:\STM32CubeIDE_1.13.2\STM32CubeIDE\plugins\com.st.stm32cube.ide.mcu.externaltools.gnu-tools-for-stm32.11.3.rel1.win32_1.1.1.202309131626\tools\bin/../lib/gcc/arm-none-eabi/11.3.1/../../../../arm-none-eabi/include/string.h:36:18: note: expected 'const char *' but argument is of type 'uint8_t *' {aka 'unsigned char *'}
   36 | int      strcmp (const char *, const char *);
      |                  ^~~~~~~~~~~~
../Core/Src/main.c:157:33: warning: pointer targets in passing argument 2 of 'strcmp' differ in signedness [-Wpointer-sign]
  157 |           j = strcmp(mystring1, receive_data);
      |                                 ^~~~~~~~~~~~
      |                                 |
      |                                 uint8_t * {aka unsigned char *}
In file included from ../USB_DEVICE/Target/usbd_conf.h:32,
                 from C:/Users/Toan/STM32Cube/Repository/STM32Cube_FW_F4_V1.27.1/Middlewares/ST/STM32_USB_Device_Library/Core/Inc/usbd_def.h:28,
                 from ../USB_DEVICE/App/usb_device.h:32,
                 from ../Core/Src/main.c:21:
D:\STM32CubeIDE_1.13.2\STM32CubeIDE\plugins\com.st.stm32cube.ide.mcu.externaltools.gnu-tools-for-stm32.11.3.rel1.win32_1.1.1.202309131626\tools\bin/../lib/gcc/arm-none-eabi/11.3.1/../../../../arm-none-eabi/include/string.h:36:32: note: expected 'const char *' but argument is of type 'uint8_t *' {aka 'unsigned char *'}
   36 | int      strcmp (const char *, const char *);
      |                                ^~~~~~~~~~~~
../USB_DEVICE/App/usbd_cdc_if.c:269:11: error: 'receive_data' undeclared (first use in this function)
  269 |   memset (receive_data, '\0', 64);  // clear the buffer
      |           ^~~~~~~~~~~~
../USB_DEVICE/App/usbd_cdc_if.c:269:11: note: each undeclared identifier is reported only once for each function it appears in
../Core/Src/main.c:161:22: warning: pointer targets in passing argument 1 of 'strcmp' differ in signedness [-Wpointer-sign]
  161 |           m = strcmp(mystring2, receive_data);
      |                      ^~~~~~~~~
      |                      |
      |                      uint8_t * {aka unsigned char *}
In file included from ../USB_DEVICE/Target/usbd_conf.h:32,
                 from C:/Users/Toan/STM32Cube/Repository/STM32Cube_FW_F4_V1.27.1/Middlewares/ST/STM32_USB_Device_Library/Core/Inc/usbd_def.h:28,
                 from ../USB_DEVICE/App/usb_device.h:32,
                 from ../Core/Src/main.c:21:
D:\STM32CubeIDE_1.13.2\STM32CubeIDE\plugins\com.st.stm32cube.ide.mcu.externaltools.gnu-tools-for-stm32.11.3.rel1.win32_1.1.1.202309131626\tools\bin/../lib/gcc/arm-none-eabi/11.3.1/../../../../arm-none-eabi/include/string.h:36:18: note: expected 'const char *' but argument is of type 'uint8_t *' {aka 'unsigned char *'}
   36 | int      strcmp (const char *, const char *);
      |                  ^~~~~~~~~~~~
../Core/Src/main.c:161:33: warning: pointer targets in passing argument 2 of 'strcmp' differ in signedness [-Wpointer-sign]
  161 |           m = strcmp(mystring2, receive_data);
      |                                 ^~~~~~~~~~~~
      |                                 |
      |                                 uint8_t * {aka unsigned char *}
In file included from ../USB_DEVICE/Target/usbd_conf.h:32,
                 from C:/Users/Toan/STM32Cube/Repository/STM32Cube_FW_F4_V1.27.1/Middlewares/ST/STM32_USB_Device_Library/Core/Inc/usbd_def.h:28,
                 from ../USB_DEVICE/App/usb_device.h:32,
                 from ../Core/Src/main.c:21:
D:\STM32CubeIDE_1.13.2\STM32CubeIDE\plugins\com.st.stm32cube.ide.mcu.externaltools.gnu-tools-for-stm32.11.3.rel1.win32_1.1.1.202309131626\tools\bin/../lib/gcc/arm-none-eabi/11.3.1/../../../../arm-none-eabi/include/string.h:36:32: note: expected 'const char *' but argument is of type 'uint8_t *' {aka 'unsigned char *'}
   36 | int      strcmp (const char *, const char *);
      |                                ^~~~~~~~~~~~
../Core/Src/main.c:165:22: warning: pointer targets in passing argument 1 of 'strcmp' differ in signedness [-Wpointer-sign]
  165 |           n = strcmp(mystring3, receive_data);
      |                      ^~~~~~~~~
      |                      |
      |                      uint8_t * {aka unsigned char *}
In file included from ../USB_DEVICE/Target/usbd_conf.h:32,
                 from C:/Users/Toan/STM32Cube/Repository/STM32Cube_FW_F4_V1.27.1/Middlewares/ST/STM32_USB_Device_Library/Core/Inc/usbd_def.h:28,
                 from ../USB_DEVICE/App/usb_device.h:32,
                 from ../Core/Src/main.c:21:
D:\STM32CubeIDE_1.13.2\STM32CubeIDE\plugins\com.st.stm32cube.ide.mcu.externaltools.gnu-tools-for-stm32.11.3.rel1.win32_1.1.1.202309131626\tools\bin/../lib/gcc/arm-none-eabi/11.3.1/../../../../arm-none-eabi/include/string.h:36:18: note: expected 'const char *' but argument is of type 'uint8_t *' {aka 'unsigned char *'}
   36 | int      strcmp (const char *, const char *);
      |                  ^~~~~~~~~~~~
../Core/Src/main.c:165:33: warning: pointer targets in passing argument 2 of 'strcmp' differ in signedness [-Wpointer-sign]
  165 |           n = strcmp(mystring3, receive_data);
      |                                 ^~~~~~~~~~~~
      |                                 |
      |                                 uint8_t * {aka unsigned char *}
In file included from ../USB_DEVICE/Target/usbd_conf.h:32,
                 from C:/Users/Toan/STM32Cube/Repository/STM32Cube_FW_F4_V1.27.1/Middlewares/ST/STM32_USB_Device_Library/Core/Inc/usbd_def.h:28,
                 from ../USB_DEVICE/App/usb_device.h:32,
                 from ../Core/Src/main.c:21:
D:\STM32CubeIDE_1.13.2\STM32CubeIDE\plugins\com.st.stm32cube.ide.mcu.externaltools.gnu-tools-for-stm32.11.3.rel1.win32_1.1.1.202309131626\tools\bin/../lib/gcc/arm-none-eabi/11.3.1/../../../../arm-none-eabi/include/string.h:36:32: note: expected 'const char *' but argument is of type 'uint8_t *' {aka 'unsigned char *'}
   36 | int      strcmp (const char *, const char *);
      |                                ^~~~~~~~~~~~
make: *** [USB_DEVICE/App/subdir.mk:25: USB_DEVICE/App/usbd_cdc_if.o] Error 1
make: *** Waiting for unfinished jobs....
"make -j12 all" terminated with exit code 2. Build might be incomplete.
22:45:06 **** Incremental Build of configuration Debug for project ALL_IN_ONE ****
make -j12 all 
arm-none-eabi-gcc "../USB_DEVICE/App/usbd_cdc_if.c" -mcpu=cortex-m4 -std=gnu11 -g3 -DDEBUG -DUSE_HAL_DRIVER -DSTM32F411xE -c -I../Core/Inc -IC:/Users/Toan/STM32Cube/Repository/STM32Cube_FW_F4_V1.27.1/Drivers/STM32F4xx_HAL_Driver/Inc -IC:/Users/Toan/STM32Cube/Repository/STM32Cube_FW_F4_V1.27.1/Drivers/STM32F4xx_HAL_Driver/Inc/Legacy -IC:/Users/Toan/STM32Cube/Repository/STM32Cube_FW_F4_V1.27.1/Drivers/CMSIS/Device/ST/STM32F4xx/Include -IC:/Users/Toan/STM32Cube/Repository/STM32Cube_FW_F4_V1.27.1/Drivers/CMSIS/Include -I../USB_DEVICE/App -I../USB_DEVICE/Target -IC:/Users/Toan/STM32Cube/Repository/STM32Cube_FW_F4_V1.27.1/Middlewares/ST/STM32_USB_Device_Library/Core/Inc -IC:/Users/Toan/STM32Cube/Repository/STM32Cube_FW_F4_V1.27.1/Middlewares/ST/STM32_USB_Device_Library/Class/CDC/Inc -O0 -ffunction-sections -fdata-sections -Wall -fstack-usage -fcyclomatic-complexity -MMD -MP -MF"USB_DEVICE/App/usbd_cdc_if.d" -MT"USB_DEVICE/App/usbd_cdc_if.o" --specs=nano.specs -mfpu=fpv4-sp-d16 -mfloat-abi=hard -mthumb -o "USB_DEVICE/App/usbd_cdc_if.o"
arm-none-eabi-gcc -o "ALL_IN_ONE.elf" @"objects.list"   -mcpu=cortex-m4 -T"D:\Courses_TH\Nam_3\TH_HK_1\Thiet_ke_he_thong_nhung\STM32F411VET6\ALL_IN_ONE\ALL_IN_ONE\STM32F411VETX_FLASH.ld" --specs=nosys.specs -Wl,-Map="ALL_IN_ONE.map" -Wl,--gc-sections -static --specs=nano.specs -mfpu=fpv4-sp-d16 -mfloat-abi=hard -mthumb -Wl,--start-group -lc -lm -Wl,--end-group
Finished building target: ALL_IN_ONE.elf
 
arm-none-eabi-size   ALL_IN_ONE.elf 
arm-none-eabi-objdump -h -S  ALL_IN_ONE.elf  > "ALL_IN_ONE.list"
   text	   data	    bss	    dec	    hex	filename
  33212	    316	   8972	  42500	   a604	ALL_IN_ONE.elf
Finished building: default.size.stdout
 
Finished building: ALL_IN_ONE.list
 
22:48:42 **** Incremental Build of configuration Debug for project ALL_IN_ONE ****
make -j12 all 
arm-none-eabi-size   ALL_IN_ONE.elf 
   text	   data	    bss	    dec	    hex	filename
  33212	    316	   8972	  42500	   a604	ALL_IN_ONE.elf
Finished building: default.size.stdout
 
22:59:54 **** Incremental Build of configuration Debug for project ALL_IN_ONE ****
make -j12 all 
arm-none-eabi-gcc "../Core/Src/main.c" -mcpu=cortex-m4 -std=gnu11 -g3 -DDEBUG -DUSE_HAL_DRIVER -DSTM32F411xE -c -I../Core/Inc -IC:/Users/Toan/STM32Cube/Repository/STM32Cube_FW_F4_V1.27.1/Drivers/STM32F4xx_HAL_Driver/Inc -IC:/Users/Toan/STM32Cube/Repository/STM32Cube_FW_F4_V1.27.1/Drivers/STM32F4xx_HAL_Driver/Inc/Legacy -IC:/Users/Toan/STM32Cube/Repository/STM32Cube_FW_F4_V1.27.1/Drivers/CMSIS/Device/ST/STM32F4xx/Include -IC:/Users/Toan/STM32Cube/Repository/STM32Cube_FW_F4_V1.27.1/Drivers/CMSIS/Include -I../USB_DEVICE/App -I../USB_DEVICE/Target -IC:/Users/Toan/STM32Cube/Repository/STM32Cube_FW_F4_V1.27.1/Middlewares/ST/STM32_USB_Device_Library/Core/Inc -IC:/Users/Toan/STM32Cube/Repository/STM32Cube_FW_F4_V1.27.1/Middlewares/ST/STM32_USB_Device_Library/Class/CDC/Inc -O0 -ffunction-sections -fdata-sections -Wall -fstack-usage -fcyclomatic-complexity -MMD -MP -MF"Core/Src/main.d" -MT"Core/Src/main.o" --specs=nano.specs -mfpu=fpv4-sp-d16 -mfloat-abi=hard -mthumb -o "Core/Src/main.o"
../Core/Src/main.c: In function 'main':
../Core/Src/main.c:120:22: warning: pointer targets in passing argument 1 of 'strcmp' differ in signedness [-Wpointer-sign]
  120 |           i = strcmp(mystring0, receive_data);                          // Intruder ALert!
      |                      ^~~~~~~~~
      |                      |
      |                      uint8_t * {aka unsigned char *}
In file included from ../USB_DEVICE/Target/usbd_conf.h:32,
                 from C:/Users/Toan/STM32Cube/Repository/STM32Cube_FW_F4_V1.27.1/Middlewares/ST/STM32_USB_Device_Library/Core/Inc/usbd_def.h:28,
                 from ../USB_DEVICE/App/usb_device.h:32,
                 from ../Core/Src/main.c:21:
D:\STM32CubeIDE_1.13.2\STM32CubeIDE\plugins\com.st.stm32cube.ide.mcu.externaltools.gnu-tools-for-stm32.11.3.rel1.win32_1.1.1.202309131626\tools\bin/../lib/gcc/arm-none-eabi/11.3.1/../../../../arm-none-eabi/include/string.h:36:18: note: expected 'const char *' but argument is of type 'uint8_t *' {aka 'unsigned char *'}
   36 | int      strcmp (const char *, const char *);
      |                  ^~~~~~~~~~~~
../Core/Src/main.c:120:33: warning: pointer targets in passing argument 2 of 'strcmp' differ in signedness [-Wpointer-sign]
  120 |           i = strcmp(mystring0, receive_data);                          // Intruder ALert!
      |                                 ^~~~~~~~~~~~
      |                                 |
      |                                 uint8_t * {aka unsigned char *}
In file included from ../USB_DEVICE/Target/usbd_conf.h:32,
                 from C:/Users/Toan/STM32Cube/Repository/STM32Cube_FW_F4_V1.27.1/Middlewares/ST/STM32_USB_Device_Library/Core/Inc/usbd_def.h:28,
                 from ../USB_DEVICE/App/usb_device.h:32,
                 from ../Core/Src/main.c:21:
D:\STM32CubeIDE_1.13.2\STM32CubeIDE\plugins\com.st.stm32cube.ide.mcu.externaltools.gnu-tools-for-stm32.11.3.rel1.win32_1.1.1.202309131626\tools\bin/../lib/gcc/arm-none-eabi/11.3.1/../../../../arm-none-eabi/include/string.h:36:32: note: expected 'const char *' but argument is of type 'uint8_t *' {aka 'unsigned char *'}
   36 | int      strcmp (const char *, const char *);
      |                                ^~~~~~~~~~~~
../Core/Src/main.c:136:22: warning: pointer targets in passing argument 1 of 'strcmp' differ in signedness [-Wpointer-sign]
  136 |           j = strcmp(mystring1, receive_data);
      |                      ^~~~~~~~~
      |                      |
      |                      uint8_t * {aka unsigned char *}
In file included from ../USB_DEVICE/Target/usbd_conf.h:32,
                 from C:/Users/Toan/STM32Cube/Repository/STM32Cube_FW_F4_V1.27.1/Middlewares/ST/STM32_USB_Device_Library/Core/Inc/usbd_def.h:28,
                 from ../USB_DEVICE/App/usb_device.h:32,
                 from ../Core/Src/main.c:21:
D:\STM32CubeIDE_1.13.2\STM32CubeIDE\plugins\com.st.stm32cube.ide.mcu.externaltools.gnu-tools-for-stm32.11.3.rel1.win32_1.1.1.202309131626\tools\bin/../lib/gcc/arm-none-eabi/11.3.1/../../../../arm-none-eabi/include/string.h:36:18: note: expected 'const char *' but argument is of type 'uint8_t *' {aka 'unsigned char *'}
   36 | int      strcmp (const char *, const char *);
      |                  ^~~~~~~~~~~~
../Core/Src/main.c:136:33: warning: pointer targets in passing argument 2 of 'strcmp' differ in signedness [-Wpointer-sign]
  136 |           j = strcmp(mystring1, receive_data);
      |                                 ^~~~~~~~~~~~
      |                                 |
      |                                 uint8_t * {aka unsigned char *}
In file included from ../USB_DEVICE/Target/usbd_conf.h:32,
                 from C:/Users/Toan/STM32Cube/Repository/STM32Cube_FW_F4_V1.27.1/Middlewares/ST/STM32_USB_Device_Library/Core/Inc/usbd_def.h:28,
                 from ../USB_DEVICE/App/usb_device.h:32,
                 from ../Core/Src/main.c:21:
D:\STM32CubeIDE_1.13.2\STM32CubeIDE\plugins\com.st.stm32cube.ide.mcu.externaltools.gnu-tools-for-stm32.11.3.rel1.win32_1.1.1.202309131626\tools\bin/../lib/gcc/arm-none-eabi/11.3.1/../../../../arm-none-eabi/include/string.h:36:32: note: expected 'const char *' but argument is of type 'uint8_t *' {aka 'unsigned char *'}
   36 | int      strcmp (const char *, const char *);
      |                                ^~~~~~~~~~~~
arm-none-eabi-gcc -o "ALL_IN_ONE.elf" @"objects.list"   -mcpu=cortex-m4 -T"D:\Courses_TH\Nam_3\TH_HK_1\Thiet_ke_he_thong_nhung\STM32F411VET6\ALL_IN_ONE\ALL_IN_ONE\STM32F411VETX_FLASH.ld" --specs=nosys.specs -Wl,-Map="ALL_IN_ONE.map" -Wl,--gc-sections -static --specs=nano.specs -mfpu=fpv4-sp-d16 -mfloat-abi=hard -mthumb -Wl,--start-group -lc -lm -Wl,--end-group
Finished building target: ALL_IN_ONE.elf
 
arm-none-eabi-size   ALL_IN_ONE.elf 
arm-none-eabi-objdump -h -S  ALL_IN_ONE.elf  > "ALL_IN_ONE.list"
   text	   data	    bss	    dec	    hex	filename
  35324	    276	   8972	  44572	   ae1c	ALL_IN_ONE.elf
Finished building: default.size.stdout
 
Finished building: ALL_IN_ONE.list
 
23:00:15 **** Incremental Build of configuration Debug for project ALL_IN_ONE ****
make -j12 all 
arm-none-eabi-size   ALL_IN_ONE.elf 
   text	   data	    bss	    dec	    hex	filename
  35324	    276	   8972	  44572	   ae1c	ALL_IN_ONE.elf
Finished building: default.size.stdout
 
23:00:37 **** Incremental Build of configuration Debug for project ALL_IN_ONE ****
make -j12 all 
arm-none-eabi-gcc "../Core/Src/main.c" -mcpu=cortex-m4 -std=gnu11 -g3 -DDEBUG -DUSE_HAL_DRIVER -DSTM32F411xE -c -I../Core/Inc -IC:/Users/Toan/STM32Cube/Repository/STM32Cube_FW_F4_V1.27.1/Drivers/STM32F4xx_HAL_Driver/Inc -IC:/Users/Toan/STM32Cube/Repository/STM32Cube_FW_F4_V1.27.1/Drivers/STM32F4xx_HAL_Driver/Inc/Legacy -IC:/Users/Toan/STM32Cube/Repository/STM32Cube_FW_F4_V1.27.1/Drivers/CMSIS/Device/ST/STM32F4xx/Include -IC:/Users/Toan/STM32Cube/Repository/STM32Cube_FW_F4_V1.27.1/Drivers/CMSIS/Include -I../USB_DEVICE/App -I../USB_DEVICE/Target -IC:/Users/Toan/STM32Cube/Repository/STM32Cube_FW_F4_V1.27.1/Middlewares/ST/STM32_USB_Device_Library/Core/Inc -IC:/Users/Toan/STM32Cube/Repository/STM32Cube_FW_F4_V1.27.1/Middlewares/ST/STM32_USB_Device_Library/Class/CDC/Inc -O0 -ffunction-sections -fdata-sections -Wall -fstack-usage -fcyclomatic-complexity -MMD -MP -MF"Core/Src/main.d" -MT"Core/Src/main.o" --specs=nano.specs -mfpu=fpv4-sp-d16 -mfloat-abi=hard -mthumb -o "Core/Src/main.o"
../Core/Src/main.c: In function 'main':
../Core/Src/main.c:122:22: warning: pointer targets in passing argument 1 of 'strcmp' differ in signedness [-Wpointer-sign]
  122 |           i = strcmp(mystring0, receive_data);                          // Intruder ALert!
      |                      ^~~~~~~~~
      |                      |
      |                      uint8_t * {aka unsigned char *}
In file included from ../USB_DEVICE/Target/usbd_conf.h:32,
                 from C:/Users/Toan/STM32Cube/Repository/STM32Cube_FW_F4_V1.27.1/Middlewares/ST/STM32_USB_Device_Library/Core/Inc/usbd_def.h:28,
                 from ../USB_DEVICE/App/usb_device.h:32,
                 from ../Core/Src/main.c:21:
D:\STM32CubeIDE_1.13.2\STM32CubeIDE\plugins\com.st.stm32cube.ide.mcu.externaltools.gnu-tools-for-stm32.11.3.rel1.win32_1.1.1.202309131626\tools\bin/../lib/gcc/arm-none-eabi/11.3.1/../../../../arm-none-eabi/include/string.h:36:18: note: expected 'const char *' but argument is of type 'uint8_t *' {aka 'unsigned char *'}
   36 | int      strcmp (const char *, const char *);
      |                  ^~~~~~~~~~~~
../Core/Src/main.c:122:33: warning: pointer targets in passing argument 2 of 'strcmp' differ in signedness [-Wpointer-sign]
  122 |           i = strcmp(mystring0, receive_data);                          // Intruder ALert!
      |                                 ^~~~~~~~~~~~
      |                                 |
      |                                 uint8_t * {aka unsigned char *}
In file included from ../USB_DEVICE/Target/usbd_conf.h:32,
                 from C:/Users/Toan/STM32Cube/Repository/STM32Cube_FW_F4_V1.27.1/Middlewares/ST/STM32_USB_Device_Library/Core/Inc/usbd_def.h:28,
                 from ../USB_DEVICE/App/usb_device.h:32,
                 from ../Core/Src/main.c:21:
D:\STM32CubeIDE_1.13.2\STM32CubeIDE\plugins\com.st.stm32cube.ide.mcu.externaltools.gnu-tools-for-stm32.11.3.rel1.win32_1.1.1.202309131626\tools\bin/../lib/gcc/arm-none-eabi/11.3.1/../../../../arm-none-eabi/include/string.h:36:32: note: expected 'const char *' but argument is of type 'uint8_t *' {aka 'unsigned char *'}
   36 | int      strcmp (const char *, const char *);
      |                                ^~~~~~~~~~~~
../Core/Src/main.c:138:22: warning: pointer targets in passing argument 1 of 'strcmp' differ in signedness [-Wpointer-sign]
  138 |           j = strcmp(mystring1, receive_data);
      |                      ^~~~~~~~~
      |                      |
      |                      uint8_t * {aka unsigned char *}
In file included from ../USB_DEVICE/Target/usbd_conf.h:32,
                 from C:/Users/Toan/STM32Cube/Repository/STM32Cube_FW_F4_V1.27.1/Middlewares/ST/STM32_USB_Device_Library/Core/Inc/usbd_def.h:28,
                 from ../USB_DEVICE/App/usb_device.h:32,
                 from ../Core/Src/main.c:21:
D:\STM32CubeIDE_1.13.2\STM32CubeIDE\plugins\com.st.stm32cube.ide.mcu.externaltools.gnu-tools-for-stm32.11.3.rel1.win32_1.1.1.202309131626\tools\bin/../lib/gcc/arm-none-eabi/11.3.1/../../../../arm-none-eabi/include/string.h:36:18: note: expected 'const char *' but argument is of type 'uint8_t *' {aka 'unsigned char *'}
   36 | int      strcmp (const char *, const char *);
      |                  ^~~~~~~~~~~~
../Core/Src/main.c:138:33: warning: pointer targets in passing argument 2 of 'strcmp' differ in signedness [-Wpointer-sign]
  138 |           j = strcmp(mystring1, receive_data);
      |                                 ^~~~~~~~~~~~
      |                                 |
      |                                 uint8_t * {aka unsigned char *}
In file included from ../USB_DEVICE/Target/usbd_conf.h:32,
                 from C:/Users/Toan/STM32Cube/Repository/STM32Cube_FW_F4_V1.27.1/Middlewares/ST/STM32_USB_Device_Library/Core/Inc/usbd_def.h:28,
                 from ../USB_DEVICE/App/usb_device.h:32,
                 from ../Core/Src/main.c:21:
D:\STM32CubeIDE_1.13.2\STM32CubeIDE\plugins\com.st.stm32cube.ide.mcu.externaltools.gnu-tools-for-stm32.11.3.rel1.win32_1.1.1.202309131626\tools\bin/../lib/gcc/arm-none-eabi/11.3.1/../../../../arm-none-eabi/include/string.h:36:32: note: expected 'const char *' but argument is of type 'uint8_t *' {aka 'unsigned char *'}
   36 | int      strcmp (const char *, const char *);
      |                                ^~~~~~~~~~~~
arm-none-eabi-gcc -o "ALL_IN_ONE.elf" @"objects.list"   -mcpu=cortex-m4 -T"D:\Courses_TH\Nam_3\TH_HK_1\Thiet_ke_he_thong_nhung\STM32F411VET6\ALL_IN_ONE\ALL_IN_ONE\STM32F411VETX_FLASH.ld" --specs=nosys.specs -Wl,-Map="ALL_IN_ONE.map" -Wl,--gc-sections -static --specs=nano.specs -mfpu=fpv4-sp-d16 -mfloat-abi=hard -mthumb -Wl,--start-group -lc -lm -Wl,--end-group
Finished building target: ALL_IN_ONE.elf
 
arm-none-eabi-size   ALL_IN_ONE.elf 
arm-none-eabi-objdump -h -S  ALL_IN_ONE.elf  > "ALL_IN_ONE.list"
   text	   data	    bss	    dec	    hex	filename
  35328	    276	   8972	  44576	   ae20	ALL_IN_ONE.elf
Finished building: default.size.stdout
 
Finished building: ALL_IN_ONE.list
 
23:00:41 **** Incremental Build of configuration Debug for project ALL_IN_ONE ****
make -j12 all 
arm-none-eabi-size   ALL_IN_ONE.elf 
   text	   data	    bss	    dec	    hex	filename
  35328	    276	   8972	  44576	   ae20	ALL_IN_ONE.elf
Finished building: default.size.stdout
 
23:03:20 **** Incremental Build of configuration Debug for project ALL_IN_ONE ****
make -j12 all 
arm-none-eabi-size   ALL_IN_ONE.elf 
   text	   data	    bss	    dec	    hex	filename
  35328	    276	   8972	  44576	   ae20	ALL_IN_ONE.elf
Finished building: default.size.stdout
 
23:05:19 **** Incremental Build of configuration Debug for project ALL_IN_ONE ****
make -j12 all 
arm-none-eabi-gcc "../Core/Src/main.c" -mcpu=cortex-m4 -std=gnu11 -g3 -DDEBUG -DUSE_HAL_DRIVER -DSTM32F411xE -c -I../Core/Inc -IC:/Users/Toan/STM32Cube/Repository/STM32Cube_FW_F4_V1.27.1/Drivers/STM32F4xx_HAL_Driver/Inc -IC:/Users/Toan/STM32Cube/Repository/STM32Cube_FW_F4_V1.27.1/Drivers/STM32F4xx_HAL_Driver/Inc/Legacy -IC:/Users/Toan/STM32Cube/Repository/STM32Cube_FW_F4_V1.27.1/Drivers/CMSIS/Device/ST/STM32F4xx/Include -IC:/Users/Toan/STM32Cube/Repository/STM32Cube_FW_F4_V1.27.1/Drivers/CMSIS/Include -I../USB_DEVICE/App -I../USB_DEVICE/Target -IC:/Users/Toan/STM32Cube/Repository/STM32Cube_FW_F4_V1.27.1/Middlewares/ST/STM32_USB_Device_Library/Core/Inc -IC:/Users/Toan/STM32Cube/Repository/STM32Cube_FW_F4_V1.27.1/Middlewares/ST/STM32_USB_Device_Library/Class/CDC/Inc -O0 -ffunction-sections -fdata-sections -Wall -fstack-usage -fcyclomatic-complexity -MMD -MP -MF"Core/Src/main.d" -MT"Core/Src/main.o" --specs=nano.specs -mfpu=fpv4-sp-d16 -mfloat-abi=hard -mthumb -o "Core/Src/main.o"
../Core/Src/main.c: In function 'main':
../Core/Src/main.c:121:22: warning: pointer targets in passing argument 1 of 'strcmp' differ in signedness [-Wpointer-sign]
  121 |           i = strcmp(mystring0, receive_data);                          // Intruder ALert!
      |                      ^~~~~~~~~
      |                      |
      |                      uint8_t * {aka unsigned char *}
In file included from ../USB_DEVICE/Target/usbd_conf.h:32,
                 from C:/Users/Toan/STM32Cube/Repository/STM32Cube_FW_F4_V1.27.1/Middlewares/ST/STM32_USB_Device_Library/Core/Inc/usbd_def.h:28,
                 from ../USB_DEVICE/App/usb_device.h:32,
                 from ../Core/Src/main.c:21:
D:\STM32CubeIDE_1.13.2\STM32CubeIDE\plugins\com.st.stm32cube.ide.mcu.externaltools.gnu-tools-for-stm32.11.3.rel1.win32_1.1.1.202309131626\tools\bin/../lib/gcc/arm-none-eabi/11.3.1/../../../../arm-none-eabi/include/string.h:36:18: note: expected 'const char *' but argument is of type 'uint8_t *' {aka 'unsigned char *'}
   36 | int      strcmp (const char *, const char *);
      |                  ^~~~~~~~~~~~
../Core/Src/main.c:121:33: warning: pointer targets in passing argument 2 of 'strcmp' differ in signedness [-Wpointer-sign]
  121 |           i = strcmp(mystring0, receive_data);                          // Intruder ALert!
      |                                 ^~~~~~~~~~~~
      |                                 |
      |                                 uint8_t * {aka unsigned char *}
In file included from ../USB_DEVICE/Target/usbd_conf.h:32,
                 from C:/Users/Toan/STM32Cube/Repository/STM32Cube_FW_F4_V1.27.1/Middlewares/ST/STM32_USB_Device_Library/Core/Inc/usbd_def.h:28,
                 from ../USB_DEVICE/App/usb_device.h:32,
                 from ../Core/Src/main.c:21:
D:\STM32CubeIDE_1.13.2\STM32CubeIDE\plugins\com.st.stm32cube.ide.mcu.externaltools.gnu-tools-for-stm32.11.3.rel1.win32_1.1.1.202309131626\tools\bin/../lib/gcc/arm-none-eabi/11.3.1/../../../../arm-none-eabi/include/string.h:36:32: note: expected 'const char *' but argument is of type 'uint8_t *' {aka 'unsigned char *'}
   36 | int      strcmp (const char *, const char *);
      |                                ^~~~~~~~~~~~
../Core/Src/main.c:137:22: warning: pointer targets in passing argument 1 of 'strcmp' differ in signedness [-Wpointer-sign]
  137 |           j = strcmp(mystring1, receive_data);
      |                      ^~~~~~~~~
      |                      |
      |                      uint8_t * {aka unsigned char *}
In file included from ../USB_DEVICE/Target/usbd_conf.h:32,
                 from C:/Users/Toan/STM32Cube/Repository/STM32Cube_FW_F4_V1.27.1/Middlewares/ST/STM32_USB_Device_Library/Core/Inc/usbd_def.h:28,
                 from ../USB_DEVICE/App/usb_device.h:32,
                 from ../Core/Src/main.c:21:
D:\STM32CubeIDE_1.13.2\STM32CubeIDE\plugins\com.st.stm32cube.ide.mcu.externaltools.gnu-tools-for-stm32.11.3.rel1.win32_1.1.1.202309131626\tools\bin/../lib/gcc/arm-none-eabi/11.3.1/../../../../arm-none-eabi/include/string.h:36:18: note: expected 'const char *' but argument is of type 'uint8_t *' {aka 'unsigned char *'}
   36 | int      strcmp (const char *, const char *);
      |                  ^~~~~~~~~~~~
[...]
../Core/Src/main.c: In function 'main':
../Core/Src/main.c:127:22: warning: pointer targets in passing argument 1 of 'strcmp' differ in signedness [-Wpointer-sign]
  127 |           i = strcmp(mystring0, receive_data);                          // Intruder ALert!
      |                      ^~~~~~~~~
      |                      |
      |                      uint8_t * {aka unsigned char *}
In file included from ../USB_DEVICE/Target/usbd_conf.h:32,
                 from C:/Users/Toan/STM32Cube/Repository/STM32Cube_FW_F4_V1.27.1/Middlewares/ST/STM32_USB_Device_Library/Core/Inc/usbd_def.h:28,
                 from ../USB_DEVICE/App/usb_device.h:32,
                 from ../Core/Src/main.c:21:
D:\STM32CubeIDE_1.13.2\STM32CubeIDE\plugins\com.st.stm32cube.ide.mcu.externaltools.gnu-tools-for-stm32.11.3.rel1.win32_1.1.1.202309131626\tools\bin/../lib/gcc/arm-none-eabi/11.3.1/../../../../arm-none-eabi/include/string.h:36:18: note: expected 'const char *' but argument is of type 'uint8_t *' {aka 'unsigned char *'}
   36 | int      strcmp (const char *, const char *);
      |                  ^~~~~~~~~~~~
../Core/Src/main.c:127:33: warning: pointer targets in passing argument 2 of 'strcmp' differ in signedness [-Wpointer-sign]
  127 |           i = strcmp(mystring0, receive_data);                          // Intruder ALert!
      |                                 ^~~~~~~~~~~~
      |                                 |
      |                                 uint8_t * {aka unsigned char *}
In file included from ../USB_DEVICE/Target/usbd_conf.h:32,
                 from C:/Users/Toan/STM32Cube/Repository/STM32Cube_FW_F4_V1.27.1/Middlewares/ST/STM32_USB_Device_Library/Core/Inc/usbd_def.h:28,
                 from ../USB_DEVICE/App/usb_device.h:32,
                 from ../Core/Src/main.c:21:
D:\STM32CubeIDE_1.13.2\STM32CubeIDE\plugins\com.st.stm32cube.ide.mcu.externaltools.gnu-tools-for-stm32.11.3.rel1.win32_1.1.1.202309131626\tools\bin/../lib/gcc/arm-none-eabi/11.3.1/../../../../arm-none-eabi/include/string.h:36:32: note: expected 'const char *' but argument is of type 'uint8_t *' {aka 'unsigned char *'}
   36 | int      strcmp (const char *, const char *);
      |                                ^~~~~~~~~~~~
../Core/Src/main.c:146:22: warning: pointer targets in passing argument 1 of 'strcmp' differ in signedness [-Wpointer-sign]
  146 |           j = strcmp(mystring1, receive_data);
      |                      ^~~~~~~~~
      |                      |
      |                      uint8_t * {aka unsigned char *}
In file included from ../USB_DEVICE/Target/usbd_conf.h:32,
                 from C:/Users/Toan/STM32Cube/Repository/STM32Cube_FW_F4_V1.27.1/Middlewares/ST/STM32_USB_Device_Library/Core/Inc/usbd_def.h:28,
                 from ../USB_DEVICE/App/usb_device.h:32,
                 from ../Core/Src/main.c:21:
D:\STM32CubeIDE_1.13.2\STM32CubeIDE\plugins\com.st.stm32cube.ide.mcu.externaltools.gnu-tools-for-stm32.11.3.rel1.win32_1.1.1.202309131626\tools\bin/../lib/gcc/arm-none-eabi/11.3.1/../../../../arm-none-eabi/include/string.h:36:18: note: expected 'const char *' but argument is of type 'uint8_t *' {aka 'unsigned char *'}
   36 | int      strcmp (const char *, const char *);
      |                  ^~~~~~~~~~~~
../Core/Src/main.c:146:33: warning: pointer targets in passing argument 2 of 'strcmp' differ in signedness [-Wpointer-sign]
  146 |           j = strcmp(mystring1, receive_data);
      |                                 ^~~~~~~~~~~~
      |                                 |
      |                                 uint8_t * {aka unsigned char *}
In file included from ../USB_DEVICE/Target/usbd_conf.h:32,
                 from C:/Users/Toan/STM32Cube/Repository/STM32Cube_FW_F4_V1.27.1/Middlewares/ST/STM32_USB_Device_Library/Core/Inc/usbd_def.h:28,
                 from ../USB_DEVICE/App/usb_device.h:32,
                 from ../Core/Src/main.c:21:
D:\STM32CubeIDE_1.13.2\STM32CubeIDE\plugins\com.st.stm32cube.ide.mcu.externaltools.gnu-tools-for-stm32.11.3.rel1.win32_1.1.1.202309131626\tools\bin/../lib/gcc/arm-none-eabi/11.3.1/../../../../arm-none-eabi/include/string.h:36:32: note: expected 'const char *' but argument is of type 'uint8_t *' {aka 'unsigned char *'}
   36 | int      strcmp (const char *, const char *);
      |                                ^~~~~~~~~~~~
arm-none-eabi-gcc -o "ALL_IN_ONE.elf" @"objects.list"   -mcpu=cortex-m4 -T"D:\Courses_TH\Nam_3\TH_HK_1\Thiet_ke_he_thong_nhung\STM32F411VET6\ALL_IN_ONE\ALL_IN_ONE\STM32F411VETX_FLASH.ld" --specs=nosys.specs -Wl,-Map="ALL_IN_ONE.map" -Wl,--gc-sections -static --specs=nano.specs -mfpu=fpv4-sp-d16 -mfloat-abi=hard -mthumb -Wl,--start-group -lc -lm -Wl,--end-group
Finished building target: ALL_IN_ONE.elf
 
arm-none-eabi-size   ALL_IN_ONE.elf 
arm-none-eabi-objdump -h -S  ALL_IN_ONE.elf  > "ALL_IN_ONE.list"
   text	   data	    bss	    dec	    hex	filename
  35412	    276	   8972	  44660	   ae74	ALL_IN_ONE.elf
Finished building: default.size.stdout
 
Finished building: ALL_IN_ONE.list
 
15:44:17 **** Incremental Build of configuration Debug for project LCD_yes_I2C ****
make -j12 all 
arm-none-eabi-size   LCD_yes_I2C.elf 
   text	   data	    bss	    dec	    hex	filename
   9004	     20	   1652	  10676	   29b4	LCD_yes_I2C.elf
Finished building: default.size.stdout
 
15:45:50 **** Incremental Build of configuration Debug for project ALL_IN_ONE ****
make -j12 all 
arm-none-eabi-gcc "../Core/Src/main.c" -mcpu=cortex-m4 -std=gnu11 -g3 -DDEBUG -DUSE_HAL_DRIVER -DSTM32F411xE -c -I../Core/Inc -IC:/Users/Toan/STM32Cube/Repository/STM32Cube_FW_F4_V1.27.1/Drivers/STM32F4xx_HAL_Driver/Inc -IC:/Users/Toan/STM32Cube/Repository/STM32Cube_FW_F4_V1.27.1/Drivers/STM32F4xx_HAL_Driver/Inc/Legacy -IC:/Users/Toan/STM32Cube/Repository/STM32Cube_FW_F4_V1.27.1/Drivers/CMSIS/Device/ST/STM32F4xx/Include -IC:/Users/Toan/STM32Cube/Repository/STM32Cube_FW_F4_V1.27.1/Drivers/CMSIS/Include -I../USB_DEVICE/App -I../USB_DEVICE/Target -IC:/Users/Toan/STM32Cube/Repository/STM32Cube_FW_F4_V1.27.1/Middlewares/ST/STM32_USB_Device_Library/Core/Inc -IC:/Users/Toan/STM32Cube/Repository/STM32Cube_FW_F4_V1.27.1/Middlewares/ST/STM32_USB_Device_Library/Class/CDC/Inc -O0 -ffunction-sections -fdata-sections -Wall -fstack-usage -fcyclomatic-complexity -MMD -MP -MF"Core/Src/main.d" -MT"Core/Src/main.o" --specs=nano.specs -mfpu=fpv4-sp-d16 -mfloat-abi=hard -mthumb -o "Core/Src/main.o"
../Core/Src/main.c: In function 'main':
../Core/Src/main.c:127:22: warning: pointer targets in passing argument 1 of 'strcmp' differ in signedness [-Wpointer-sign]
  127 |           i = strcmp(mystring0, receive_data);                          // Intruder ALert!
      |                      ^~~~~~~~~
      |                      |
      |                      uint8_t * {aka unsigned char *}
In file included from ../USB_DEVICE/Target/usbd_conf.h:32,
                 from C:/Users/Toan/STM32Cube/Repository/STM32Cube_FW_F4_V1.27.1/Middlewares/ST/STM32_USB_Device_Library/Core/Inc/usbd_def.h:28,
                 from ../USB_DEVICE/App/usb_device.h:32,
                 from ../Core/Src/main.c:21:
D:\STM32CubeIDE_1.13.2\STM32CubeIDE\plugins\com.st.stm32cube.ide.mcu.externaltools.gnu-tools-for-stm32.11.3.rel1.win32_1.1.1.202309131626\tools\bin/../lib/gcc/arm-none-eabi/11.3.1/../../../../arm-none-eabi/include/string.h:36:18: note: expected 'const char *' but argument is of type 'uint8_t *' {aka 'unsigned char *'}
   36 | int      strcmp (const char *, const char *);
      |                  ^~~~~~~~~~~~
../Core/Src/main.c:127:33: warning: pointer targets in passing argument 2 of 'strcmp' differ in signedness [-Wpointer-sign]
  127 |           i = strcmp(mystring0, receive_data);                          // Intruder ALert!
      |                                 ^~~~~~~~~~~~
      |                                 |
      |                                 uint8_t * {aka unsigned char *}
In file included from ../USB_DEVICE/Target/usbd_conf.h:32,
                 from C:/Users/Toan/STM32Cube/Repository/STM32Cube_FW_F4_V1.27.1/Middlewares/ST/STM32_USB_Device_Library/Core/Inc/usbd_def.h:28,
                 from ../USB_DEVICE/App/usb_device.h:32,
                 from ../Core/Src/main.c:21:
D:\STM32CubeIDE_1.13.2\STM32CubeIDE\plugins\com.st.stm32cube.ide.mcu.externaltools.gnu-tools-for-stm32.11.3.rel1.win32_1.1.1.202309131626\tools\bin/../lib/gcc/arm-none-eabi/11.3.1/../../../../arm-none-eabi/include/string.h:36:32: note: expected 'const char *' but argument is of type 'uint8_t *' {aka 'unsigned char *'}
   36 | int      strcmp (const char *, const char *);
      |                                ^~~~~~~~~~~~
../Core/Src/main.c:146:22: warning: pointer targets in passing argument 1 of 'strcmp' differ in signedness [-Wpointer-sign]
  146 |           j = strcmp(mystring1, receive_data);
      |                      ^~~~~~~~~
      |                      |
      |                      uint8_t * {aka unsigned char *}
In file included from ../USB_DEVICE/Target/usbd_conf.h:32,
                 from C:/Users/Toan/STM32Cube/Repository/STM32Cube_FW_F4_V1.27.1/Middlewares/ST/STM32_USB_Device_Library/Core/Inc/usbd_def.h:28,
                 from ../USB_DEVICE/App/usb_device.h:32,
                 from ../Core/Src/main.c:21:
D:\STM32CubeIDE_1.13.2\STM32CubeIDE\plugins\com.st.stm32cube.ide.mcu.externaltools.gnu-tools-for-stm32.11.3.rel1.win32_1.1.1.202309131626\tools\bin/../lib/gcc/arm-none-eabi/11.3.1/../../../../arm-none-eabi/include/string.h:36:18: note: expected 'const char *' but argument is of type 'uint8_t *' {aka 'unsigned char *'}
   36 | int      strcmp (const char *, const char *);
      |                  ^~~~~~~~~~~~
../Core/Src/main.c:146:33: warning: pointer targets in passing argument 2 of 'strcmp' differ in signedness [-Wpointer-sign]
  146 |           j = strcmp(mystring1, receive_data);
      |                                 ^~~~~~~~~~~~
      |                                 |
      |                                 uint8_t * {aka unsigned char *}
In file included from ../USB_DEVICE/Target/usbd_conf.h:32,
                 from C:/Users/Toan/STM32Cube/Repository/STM32Cube_FW_F4_V1.27.1/Middlewares/ST/STM32_USB_Device_Library/Core/Inc/usbd_def.h:28,
                 from ../USB_DEVICE/App/usb_device.h:32,
                 from ../Core/Src/main.c:21:
D:\STM32CubeIDE_1.13.2\STM32CubeIDE\plugins\com.st.stm32cube.ide.mcu.externaltools.gnu-tools-for-stm32.11.3.rel1.win32_1.1.1.202309131626\tools\bin/../lib/gcc/arm-none-eabi/11.3.1/../../../../arm-none-eabi/include/string.h:36:32: note: expected 'const char *' but argument is of type 'uint8_t *' {aka 'unsigned char *'}
   36 | int      strcmp (const char *, const char *);
      |                                ^~~~~~~~~~~~
arm-none-eabi-gcc -o "ALL_IN_ONE.elf" @"objects.list"   -mcpu=cortex-m4 -T"D:\Courses_TH\Nam_3\TH_HK_1\Thiet_ke_he_thong_nhung\STM32F411VET6\ALL_IN_ONE\ALL_IN_ONE\STM32F411VETX_FLASH.ld" --specs=nosys.specs -Wl,-Map="ALL_IN_ONE.map" -Wl,--gc-sections -static --specs=nano.specs -mfpu=fpv4-sp-d16 -mfloat-abi=hard -mthumb -Wl,--start-group -lc -lm -Wl,--end-group
Finished building target: ALL_IN_ONE.elf
 
arm-none-eabi-size   ALL_IN_ONE.elf 
arm-none-eabi-objdump -h -S  ALL_IN_ONE.elf  > "ALL_IN_ONE.list"
   text	   data	    bss	    dec	    hex	filename
  35460	    276	   8972	  44708	   aea4	ALL_IN_ONE.elf
Finished building: default.size.stdout
 
Finished building: ALL_IN_ONE.list
 
15:45:51 **** Incremental Build of configuration Debug for project LCD_yes_I2C ****
make -j12 all 
arm-none-eabi-size   LCD_yes_I2C.elf 
   text	   data	    bss	    dec	    hex	filename
   9004	     20	   1652	  10676	   29b4	LCD_yes_I2C.elf
Finished building: default.size.stdout
 
15:45:57 **** Incremental Build of configuration Debug for project ALL_IN_ONE ****
make -j12 all 
arm-none-eabi-size   ALL_IN_ONE.elf 
   text	   data	    bss	    dec	    hex	filename
  35460	    276	   8972	  44708	   aea4	ALL_IN_ONE.elf
Finished building: default.size.stdout
 
15:48:56 **** Incremental Build of configuration Debug for project ALL_IN_ONE ****
make -j12 all 
arm-none-eabi-gcc "../Core/Src/main.c" -mcpu=cortex-m4 -std=gnu11 -g3 -DDEBUG -DUSE_HAL_DRIVER -DSTM32F411xE -c -I../Core/Inc -IC:/Users/Toan/STM32Cube/Repository/STM32Cube_FW_F4_V1.27.1/Drivers/STM32F4xx_HAL_Driver/Inc -IC:/Users/Toan/STM32Cube/Repository/STM32Cube_FW_F4_V1.27.1/Drivers/STM32F4xx_HAL_Driver/Inc/Legacy -IC:/Users/Toan/STM32Cube/Repository/STM32Cube_FW_F4_V1.27.1/Drivers/CMSIS/Device/ST/STM32F4xx/Include -IC:/Users/Toan/STM32Cube/Repository/STM32Cube_FW_F4_V1.27.1/Drivers/CMSIS/Include -I../USB_DEVICE/App -I../USB_DEVICE/Target -IC:/Users/Toan/STM32Cube/Repository/STM32Cube_FW_F4_V1.27.1/Middlewares/ST/STM32_USB_Device_Library/Core/Inc -IC:/Users/Toan/STM32Cube/Repository/STM32Cube_FW_F4_V1.27.1/Middlewares/ST/STM32_USB_Device_Library/Class/CDC/Inc -O0 -ffunction-sections -fdata-sections -Wall -fstack-usage -fcyclomatic-complexity -MMD -MP -MF"Core/Src/main.d" -MT"Core/Src/main.o" --specs=nano.specs -mfpu=fpv4-sp-d16 -mfloat-abi=hard -mthumb -o "Core/Src/main.o"
../Core/Src/main.c: In function 'main':
../Core/Src/main.c:127:22: warning: pointer targets in passing argument 1 of 'strcmp' differ in signedness [-Wpointer-sign]
  127 |           i = strcmp(mystring0, receive_data);                          // Intruder ALert!
      |                      ^~~~~~~~~
      |                      |
      |                      uint8_t * {aka unsigned char *}
In file included from ../USB_DEVICE/Target/usbd_conf.h:32,
                 from C:/Users/Toan/STM32Cube/Repository/STM32Cube_FW_F4_V1.27.1/Middlewares/ST/STM32_USB_Device_Library/Core/Inc/usbd_def.h:28,
                 from ../USB_DEVICE/App/usb_device.h:32,
                 from ../Core/Src/main.c:21:
D:\STM32CubeIDE_1.13.2\STM32CubeIDE\plugins\com.st.stm32cube.ide.mcu.externaltools.gnu-tools-for-stm32.11.3.rel1.win32_1.1.1.202309131626\tools\bin/../lib/gcc/arm-none-eabi/11.3.1/../../../../arm-none-eabi/include/string.h:36:18: note: expected 'const char *' but argument is of type 'uint8_t *' {aka 'unsigned char *'}
   36 | int      strcmp (const char *, const char *);
      |                  ^~~~~~~~~~~~
../Core/Src/main.c:127:33: warning: pointer targets in passing argument 2 of 'strcmp' differ in signedness [-Wpointer-sign]
  127 |           i = strcmp(mystring0, receive_data);                          // Intruder ALert!
      |                                 ^~~~~~~~~~~~
      |                                 |
      |                                 uint8_t * {aka unsigned char *}
In file included from ../USB_DEVICE/Target/usbd_conf.h:32,
                 from C:/Users/Toan/STM32Cube/Repository/STM32Cube_FW_F4_V1.27.1/Middlewares/ST/STM32_USB_Device_Library/Core/Inc/usbd_def.h:28,
                 from ../USB_DEVICE/App/usb_device.h:32,
                 from ../Core/Src/main.c:21:
D:\STM32CubeIDE_1.13.2\STM32CubeIDE\plugins\com.st.stm32cube.ide.mcu.externaltools.gnu-tools-for-stm32.11.3.rel1.win32_1.1.1.202309131626\tools\bin/../lib/gcc/arm-none-eabi/11.3.1/../../../../arm-none-eabi/include/string.h:36:32: note: expected 'const char *' but argument is of type 'uint8_t *' {aka 'unsigned char *'}
   36 | int      strcmp (const char *, const char *);
      |                                ^~~~~~~~~~~~
../Core/Src/main.c:146:22: warning: pointer targets in passing argument 1 of 'strcmp' differ in signedness [-Wpointer-sign]
  146 |           j = strcmp(mystring1, receive_data);
      |                      ^~~~~~~~~
      |                      |
      |                      uint8_t * {aka unsigned char *}
In file included from ../USB_DEVICE/Target/usbd_conf.h:32,
                 from C:/Users/Toan/STM32Cube/Repository/STM32Cube_FW_F4_V1.27.1/Middlewares/ST/STM32_USB_Device_Library/Core/Inc/usbd_def.h:28,
                 from ../USB_DEVICE/App/usb_device.h:32,
                 from ../Core/Src/main.c:21:
D:\STM32CubeIDE_1.13.2\STM32CubeIDE\plugins\com.st.stm32cube.ide.mcu.externaltools.gnu-tools-for-stm32.11.3.rel1.win32_1.1.1.202309131626\tools\bin/../lib/gcc/arm-none-eabi/11.3.1/../../../../arm-none-eabi/include/string.h:36:18: note: expected 'const char *' but argument is of type 'uint8_t *' {aka 'unsigned char *'}
   36 | int      strcmp (const char *, const char *);
      |                  ^~~~~~~~~~~~
../Core/Src/main.c:146:33: warning: pointer targets in passing argument 2 of 'strcmp' differ in signedness [-Wpointer-sign]
  146 |           j = strcmp(mystring1, receive_data);
      |                                 ^~~~~~~~~~~~
      |                                 |
      |                                 uint8_t * {aka unsigned char *}
In file included from ../USB_DEVICE/Target/usbd_conf.h:32,
                 from C:/Users/Toan/STM32Cube/Repository/STM32Cube_FW_F4_V1.27.1/Middlewares/ST/STM32_USB_Device_Library/Core/Inc/usbd_def.h:28,
                 from ../USB_DEVICE/App/usb_device.h:32,
                 from ../Core/Src/main.c:21:
D:\STM32CubeIDE_1.13.2\STM32CubeIDE\plugins\com.st.stm32cube.ide.mcu.externaltools.gnu-tools-for-stm32.11.3.rel1.win32_1.1.1.202309131626\tools\bin/../lib/gcc/arm-none-eabi/11.3.1/../../../../arm-none-eabi/include/string.h:36:32: note: expected 'const char *' but argument is of type 'uint8_t *' {aka 'unsigned char *'}
   36 | int      strcmp (const char *, const char *);
      |                                ^~~~~~~~~~~~
arm-none-eabi-gcc -o "ALL_IN_ONE.elf" @"objects.list"   -mcpu=cortex-m4 -T"D:\Courses_TH\Nam_3\TH_HK_1\Thiet_ke_he_thong_nhung\STM32F411VET6\ALL_IN_ONE\ALL_IN_ONE\STM32F411VETX_FLASH.ld" --specs=nosys.specs -Wl,-Map="ALL_IN_ONE.map" -Wl,--gc-sections -static --specs=nano.specs -mfpu=fpv4-sp-d16 -mfloat-abi=hard -mthumb -Wl,--start-group -lc -lm -Wl,--end-group
Finished building target: ALL_IN_ONE.elf
 
arm-none-eabi-size   ALL_IN_ONE.elf 
arm-none-eabi-objdump -h -S  ALL_IN_ONE.elf  > "ALL_IN_ONE.list"
   text	   data	    bss	    dec	    hex	filename
  35460	    276	   8972	  44708	   aea4	ALL_IN_ONE.elf
Finished building: default.size.stdout
 
Finished building: ALL_IN_ONE.list
 
15:48:57 **** Incremental Build of configuration Debug for project LCD_yes_I2C ****
make -j12 all 
arm-none-eabi-size   LCD_yes_I2C.elf 
   text	   data	    bss	    dec	    hex	filename
   9004	     20	   1652	  10676	   29b4	LCD_yes_I2C.elf
Finished building: default.size.stdout
 
15:49:20 **** Incremental Build of configuration Debug for project ALL_IN_ONE ****
make -j12 all 
arm-none-eabi-size   ALL_IN_ONE.elf 
   text	   data	    bss	    dec	    hex	filename
  35460	    276	   8972	  44708	   aea4	ALL_IN_ONE.elf
Finished building: default.size.stdout
 
21:02:33 **** Build of configuration Debug for project ALL_IN_ONE ****
make -j12 all 
arm-none-eabi-gcc -o "ALL_IN_ONE.elf" @"objects.list"   -mcpu=cortex-m4 -T"D:\Courses_TH\Nam_3\TH_HK_1\Thiet_ke_he_thong_nhung\Do_An_Gui_Xe\STM32F411VET6\ALL_IN_ONE\ALL_IN_ONE\STM32F411VETX_FLASH.ld" --specs=nosys.specs -Wl,-Map="ALL_IN_ONE.map" -Wl,--gc-sections -static --specs=nano.specs -mfpu=fpv4-sp-d16 -mfloat-abi=hard -mthumb -Wl,--start-group -lc -lm -Wl,--end-group
Finished building target: ALL_IN_ONE.elf
 
arm-none-eabi-size   ALL_IN_ONE.elf 
arm-none-eabi-objdump -h -S  ALL_IN_ONE.elf  > "ALL_IN_ONE.list"
   text	   data	    bss	    dec	    hex	filename
  35460	    276	   8972	  44708	   aea4	ALL_IN_ONE.elf
Finished building: default.size.stdout
 
Finished building: ALL_IN_ONE.list
 
